Component: ARM Compiler 5.06 update 6 (build 750) Tool: armlink [4d35ed]

==============================================================================

Section Cross References

    main.o(i.main) refers to delay.o(i.delay_init) for delay_init
    main.o(i.main) refers to motor.o(i.motor_init) for motor_init
    main.o(i.main) refers to encoder.o(i.myEncoderInit) for myEncoderInit
    main.o(i.main) refers to valuepack.o(i.initValuePack) for initValuePack
    main.o(i.main) refers to usart3.o(i.usart3_init) for usart3_init
    main.o(i.main) refers to mpu6050.o(i.MPU_Init) for MPU_Init
    main.o(i.main) refers to control.o(i.PidParameter_init) for PidParameter_init
    main.o(i.main) refers to inv_mpu.o(i.mpu_dmp_init) for mpu_dmp_init
    main.o(i.main) refers to paj7620u2.o(i.paj7620u2_init) for paj7620u2_init
    main.o(i.main) refers to control.o(i.mySpeedPIDProcess) for mySpeedPIDProcess
    main.o(i.main) refers to encoder.o(i.myGetSpeed) for myGetSpeed
    main.o(i.main) refers to paj7620u2.o(i.Gesture_test) for Gesture_test
    main.o(i.main) refers to f2d.o(.text) for __aeabi_f2d
    main.o(i.main) refers to dmul.o(.text) for __aeabi_dmul
    main.o(i.main) refers to d2f.o(.text) for __aeabi_d2f
    main.o(i.main) refers to move.o(i.myMoveSpeedSetXYR) for myMoveSpeedSetXYR
    main.o(i.main) refers to inv_mpu.o(i.mpu_dmp_get_data) for mpu_dmp_get_data
    main.o(i.main) refers to fflti.o(.text) for __aeabi_i2f
    main.o(i.main) refers to move.o(i.myMoveSpeedSetDir) for myMoveSpeedSetDir
    main.o(i.main) refers to valuepack.o(i.readValuePack) for readValuePack
    main.o(i.main) refers to valuepack.o(i.ReadPack) for ReadPack
    main.o(i.main) refers to valuepack.o(i.fillSendPack) for fillSendPack
    main.o(i.main) refers to valuepack.o(i.sendValuePack) for sendValuePack
    main.o(i.main) refers to main.o(.data) for .data
    main.o(i.main) refers to timer.o(.data) for sysTick
    main.o(i.main) refers to main.o(.bss) for .bss
    main.o(i.main) refers to valuepack.o(.bss) for RC_Data
    main.o(i.main) refers to paj7620u2.o(.data) for GestureFrist
    main.o(i.main) refers to laser.o(.bss) for Laser_distance
    system_stm32f10x.o(i.SystemCoreClockUpdate) refers to system_stm32f10x.o(.data) for .data
    system_stm32f10x.o(i.SystemInit) refers to system_stm32f10x.o(i.SetSysClockTo72) for SetSysClockTo72
    delay.o(i.delay_init) refers to misc.o(i.SysTick_CLKSourceConfig) for SysTick_CLKSourceConfig
    delay.o(i.delay_init) refers to system_stm32f10x.o(.data) for SystemCoreClock
    delay.o(i.delay_init) refers to delay.o(.data) for .data
    delay.o(i.delay_ms) refers to delay.o(.data) for .data
    delay.o(i.delay_us) refers to delay.o(.data) for .data
    startup_stm32f10x_hd.o(RESET) refers to startup_stm32f10x_hd.o(STACK) for __initial_sp
    startup_stm32f10x_hd.o(RESET) refers to startup_stm32f10x_hd.o(.text) for Reset_Handler
    startup_stm32f10x_hd.o(RESET) refers to stm32f10x_it.o(i.NMI_Handler) for NMI_Handler
    startup_stm32f10x_hd.o(RESET) refers to stm32f10x_it.o(i.HardFault_Handler) for HardFault_Handler
    startup_stm32f10x_hd.o(RESET) refers to stm32f10x_it.o(i.MemManage_Handler) for MemManage_Handler
    startup_stm32f10x_hd.o(RESET) refers to stm32f10x_it.o(i.BusFault_Handler) for BusFault_Handler
    startup_stm32f10x_hd.o(RESET) refers to stm32f10x_it.o(i.UsageFault_Handler) for UsageFault_Handler
    startup_stm32f10x_hd.o(RESET) refers to stm32f10x_it.o(i.SVC_Handler) for SVC_Handler
    startup_stm32f10x_hd.o(RESET) refers to stm32f10x_it.o(i.DebugMon_Handler) for DebugMon_Handler
    startup_stm32f10x_hd.o(RESET) refers to stm32f10x_it.o(i.PendSV_Handler) for PendSV_Handler
    startup_stm32f10x_hd.o(RESET) refers to stm32f10x_it.o(i.SysTick_Handler) for SysTick_Handler
    startup_stm32f10x_hd.o(RESET) refers to timer.o(i.TIM1_UP_IRQHandler) for TIM1_UP_IRQHandler
    startup_stm32f10x_hd.o(RESET) refers to valuepack.o(i.USART2_IRQHandler) for USART2_IRQHandler
    startup_stm32f10x_hd.o(RESET) refers to usart3.o(i.USART3_IRQHandler) for USART3_IRQHandler
    startup_stm32f10x_hd.o(.text) refers to system_stm32f10x.o(i.SystemInit) for SystemInit
    startup_stm32f10x_hd.o(.text) refers to entry.o(.ARM.Collect$$$$00000000) for __main
    stm32f10x_adc.o(i.ADC_DeInit) refers to stm32f10x_rcc.o(i.RCC_APB2PeriphResetCmd) for RCC_APB2PeriphResetCmd
    stm32f10x_bkp.o(i.BKP_DeInit) refers to stm32f10x_rcc.o(i.RCC_BackupResetCmd) for RCC_BackupResetCmd
    stm32f10x_can.o(i.CAN_DeInit) refers to stm32f10x_rcc.o(i.RCC_APB1PeriphResetCmd) for RCC_APB1PeriphResetCmd
    stm32f10x_can.o(i.CAN_GetITStatus) refers to stm32f10x_can.o(i.CheckITStatus) for CheckITStatus
    stm32f10x_cec.o(i.CEC_DeInit) refers to stm32f10x_rcc.o(i.RCC_APB1PeriphResetCmd) for RCC_APB1PeriphResetCmd
    stm32f10x_dac.o(i.DAC_DeInit) refers to stm32f10x_rcc.o(i.RCC_APB1PeriphResetCmd) for RCC_APB1PeriphResetCmd
[...]
    i.__set_errno                            0x08002850   Section        0  errno.o(i.__set_errno)
    i._printf_core                           0x0800285c   Section        0  printf8.o(i._printf_core)
    _printf_core                             0x0800285d   Thumb Code   996  printf8.o(i._printf_core)
    i._printf_post_padding                   0x08002c6c   Section        0  printf8.o(i._printf_post_padding)
    _printf_post_padding                     0x08002c6d   Thumb Code    36  printf8.o(i._printf_post_padding)
    i._printf_pre_padding                    0x08002c90   Section        0  printf8.o(i._printf_pre_padding)
    _printf_pre_padding                      0x08002c91   Thumb Code    46  printf8.o(i._printf_pre_padding)
    i.accel_self_test                        0x08002cc0   Section        0  inv_mpu.o(i.accel_self_test)
    accel_self_test                          0x08002cc1   Thumb Code   112  inv_mpu.o(i.accel_self_test)
    i.asin                                   0x08002d3c   Section        0  asin.o(i.asin)
    i.atan                                   0x08002fac   Section        0  atan.o(i.atan)
    i.atan2                                  0x080031cc   Section        0  atan2.o(i.atan2)
    i.cos                                    0x0800334c   Section        0  cos.o(i.cos)
    i.delay_init                             0x080033e8   Section        0  delay.o(i.delay_init)
    i.delay_ms                               0x08003424   Section        0  delay.o(i.delay_ms)
    i.delay_us                               0x08003458   Section        0  delay.o(i.delay_us)
    i.dmp_enable_6x_lp_quat                  0x0800348c   Section        0  inv_mpu_dmp_motion_driver.o(i.dmp_enable_6x_lp_quat)
    i.dmp_enable_feature                     0x080034c8   Section        0  inv_mpu_dmp_motion_driver.o(i.dmp_enable_feature)
    i.dmp_enable_gyro_cal                    0x080036a4   Section        0  inv_mpu_dmp_motion_driver.o(i.dmp_enable_gyro_cal)
    i.dmp_enable_lp_quat                     0x080036dc   Section        0  inv_mpu_dmp_motion_driver.o(i.dmp_enable_lp_quat)
    i.dmp_load_motion_driver_firmware        0x08003718   Section        0  inv_mpu_dmp_motion_driver.o(i.dmp_load_motion_driver_firmware)
    i.dmp_read_fifo                          0x0800372c   Section        0  inv_mpu_dmp_motion_driver.o(i.dmp_read_fifo)
    i.dmp_set_accel_bias                     0x08003874   Section        0  inv_mpu_dmp_motion_driver.o(i.dmp_set_accel_bias)
    i.dmp_set_fifo_rate                      0x0800394c   Section        0  inv_mpu_dmp_motion_driver.o(i.dmp_set_fifo_rate)
    i.dmp_set_gyro_bias                      0x080039b0   Section        0  inv_mpu_dmp_motion_driver.o(i.dmp_set_gyro_bias)
    i.dmp_set_orientation                    0x08003a7c   Section        0  inv_mpu_dmp_motion_driver.o(i.dmp_set_orientation)
    i.dmp_set_shake_reject_thresh            0x08003b88   Section        0  inv_mpu_dmp_motion_driver.o(i.dmp_set_shake_reject_thresh)
    i.dmp_set_shake_reject_time              0x08003bb8   Section        0  inv_mpu_dmp_motion_driver.o(i.dmp_set_shake_reject_time)
    i.dmp_set_shake_reject_timeout           0x08003bd8   Section        0  inv_mpu_dmp_motion_driver.o(i.dmp_set_shake_reject_timeout)
    i.dmp_set_tap_axes                       0x08003bf8   Section        0  inv_mpu_dmp_motion_driver.o(i.dmp_set_tap_axes)
    i.dmp_set_tap_count                      0x08003c38   Section        0  inv_mpu_dmp_motion_driver.o(i.dmp_set_tap_count)
    i.dmp_set_tap_thresh                     0x08003c5c   Section        0  inv_mpu_dmp_motion_driver.o(i.dmp_set_tap_thresh)
    i.dmp_set_tap_time                       0x08003d84   Section        0  inv_mpu_dmp_motion_driver.o(i.dmp_set_tap_time)
    i.dmp_set_tap_time_multi                 0x08003da4   Section        0  inv_mpu_dmp_motion_driver.o(i.dmp_set_tap_time_multi)
    i.fillSendPack                           0x08003dc4   Section        0  valuepack.o(i.fillSendPack)
    i.fputc                                  0x08003de8   Section        0  valuepack.o(i.fputc)
    i.get_accel_prod_shift                   0x08003e00   Section        0  inv_mpu.o(i.get_accel_prod_shift)
    get_accel_prod_shift                     0x08003e01   Thumb Code   156  inv_mpu.o(i.get_accel_prod_shift)
    i.get_st_biases                          0x08003ea8   Section        0  inv_mpu.o(i.get_st_biases)
    get_st_biases                            0x08003ea9   Thumb Code   784  inv_mpu.o(i.get_st_biases)
    i.gyro_self_test                         0x080041bc   Section        0  inv_mpu.o(i.gyro_self_test)
    gyro_self_test                           0x080041bd   Thumb Code   194  inv_mpu.o(i.gyro_self_test)
    i.initValuePack                          0x08004294   Section        0  valuepack.o(i.initValuePack)
    i.inv_orientation_matrix_to_scalar       0x0800434c   Section        0  inv_mpu.o(i.inv_orientation_matrix_to_scalar)
    i.inv_row_2_scale                        0x0800436e   Section        0  inv_mpu.o(i.inv_row_2_scale)
    i.main                                   0x080043b8   Section        0  main.o(i.main)
    i.mget_ms                                0x08004548   Section        0  inv_mpu.o(i.mget_ms)
    i.motor_init                             0x0800454a   Section        0  motor.o(i.motor_init)
    i.mpu_configure_fifo                     0x08004570   Section        0  inv_mpu.o(i.mpu_configure_fifo)
    i.mpu_dmp_get_data                       0x080045c8   Section        0  inv_mpu.o(i.mpu_dmp_get_data)
    i.mpu_dmp_init                           0x08004764   Section        0  inv_mpu.o(i.mpu_dmp_init)
    i.mpu_get_accel_fsr                      0x08004808   Section        0  inv_mpu.o(i.mpu_get_accel_fsr)
    i.mpu_get_accel_sens                     0x08004844   Section        0  inv_mpu.o(i.mpu_get_accel_sens)
    i.mpu_get_gyro_fsr                       0x08004888   Section        0  inv_mpu.o(i.mpu_get_gyro_fsr)
    i.mpu_get_gyro_sens                      0x080048bc   Section        0  inv_mpu.o(i.mpu_get_gyro_sens)
    i.mpu_get_lpf                            0x080048fc   Section        0  inv_mpu.o(i.mpu_get_lpf)
    i.mpu_get_sample_rate                    0x08004934   Section        0  inv_mpu.o(i.mpu_get_sample_rate)
    i.mpu_init                               0x08004950   Section        0  inv_mpu.o(i.mpu_init)
    i.mpu_load_firmware                      0x08004ad8   Section        0  inv_mpu.o(i.mpu_load_firmware)
    i.mpu_lp_accel_mode                      0x08004b7c   Section        0  inv_mpu.o(i.mpu_lp_accel_mode)
    i.mpu_read_fifo_stream                   0x08004c34   Section        0  inv_mpu.o(i.mpu_read_fifo_stream)
    i.mpu_read_mem                           0x08004cc4   Section        0  inv_mpu.o(i.mpu_read_mem)
    i.mpu_reset_fifo                         0x08004d18   Section        0  inv_mpu.o(i.mpu_reset_fifo)
    i.mpu_run_self_test                      0x08004e74   Section        0  inv_mpu.o(i.mpu_run_self_test)
    i.mpu_set_accel_fsr                      0x08004f64   Section        0  inv_mpu.o(i.mpu_set_accel_fsr)
    i.mpu_set_bypass                         0x08004fcc   Section        0  inv_mpu.o(i.mpu_set_bypass)
    i.mpu_set_dmp_state                      0x080050a8   Section        0  inv_mpu.o(i.mpu_set_dmp_state)
    i.mpu_set_gyro_fsr                       0x08005120   Section        0  inv_mpu.o(i.mpu_set_gyro_fsr)
    i.mpu_set_int_latched                    0x0800518c   Section        0  inv_mpu.o(i.mpu_set_int_latched)
    i.mpu_set_lpf                            0x080051f0   Section        0  inv_mpu.o(i.mpu_set_lpf)
    i.mpu_set_sample_rate                    0x0800525c   Section        0  inv_mpu.o(i.mpu_set_sample_rate)
    i.mpu_set_sensors                        0x080052d4   Section        0  inv_mpu.o(i.mpu_set_sensors)
    i.mpu_write_mem                          0x0800538c   Section        0  inv_mpu.o(i.mpu_write_mem)
    i.myEncoderInit                          0x080053e0   Section        0  encoder.o(i.myEncoderInit)
    i.myGPIO_Init                            0x080053f4   Section        0  gpio.o(i.myGPIO_Init)
    i.myGetEncoder                           0x08005450   Section        0  encoder.o(i.myGetEncoder)
    i.myGetSpeed                             0x080054a4   Section        0  encoder.o(i.myGetSpeed)
    i.myMotorSetPWM                          0x08005510   Section        0  motor.o(i.myMotorSetPWM)
    i.myMoveSpeedSetDir                      0x08005598   Section        0  move.o(i.myMoveSpeedSetDir)
    i.myMoveSpeedSetXYR                      0x08005624   Section        0  move.o(i.myMoveSpeedSetXYR)
    i.mySpeedPIDProcess                      0x08005678   Section        0  control.o(i.mySpeedPIDProcess)
    i.paj7620u2_init                         0x080056dc   Section        0  paj7620u2.o(i.paj7620u2_init)
    i.paj7620u2_selectBank                   0x08005718   Section        0  paj7620u2.o(i.paj7620u2_selectBank)
    i.paj7620u2_wakeup                       0x0800572c   Section        0  paj7620u2.o(i.paj7620u2_wakeup)
    i.readValuePack                          0x0800575c   Section        0  valuepack.o(i.readValuePack)
    i.run_self_test                          0x08005898   Section        0  inv_mpu.o(i.run_self_test)
    i.sendBuffer                             0x08005918   Section        0  valuepack.o(i.sendBuffer)
    i.sendValuePack                          0x0800594c   Section        0  valuepack.o(i.sendValuePack)
    i.set_int_enable                         0x080059b8   Section        0  inv_mpu.o(i.set_int_enable)
    set_int_enable                           0x080059b9   Thumb Code    80  inv_mpu.o(i.set_int_enable)
    i.sin                                    0x08005a0c   Section        0  sin.o(i.sin)
    i.sqrt                                   0x08005aac   Section        0  sqrt.o(i.sqrt)
    i.usart3_init                            0x08005af8   Section        0  usart3.o(i.usart3_init)
    .constdata                               0x08005b84   Section      162  paj7620u2.o(.constdata)
    .constdata                               0x08005c26   Section       27  inv_mpu.o(.constdata)
    .constdata                               0x08005c42   Section       12  inv_mpu.o(.constdata)
    .constdata                               0x08005c50   Section       40  inv_mpu.o(.constdata)
    .constdata                               0x08005c78   Section     3062  inv_mpu_dmp_motion_driver.o(.constdata)
    dmp_memory                               0x08005c78   Data        3062  inv_mpu_dmp_motion_driver.o(.constdata)
    .constdata                               0x08006870   Section       20  usart3.o(.constdata)
    .constdata                               0x08006888   Section       80  asin.o(.constdata)
    pS                                       0x08006888   Data          48  asin.o(.constdata)
    qS                                       0x080068b8   Data          32  asin.o(.constdata)
    .constdata                               0x080068d8   Section      152  atan.o(.constdata)
    atanhi                                   0x080068d8   Data          32  atan.o(.constdata)
    atanlo                                   0x080068f8   Data          32  atan.o(.constdata)
    aTodd                                    0x08006918   Data          40  atan.o(.constdata)
    aTeven                                   0x08006940   Data          48  atan.o(.constdata)
    .constdata                               0x08006970   Section       48  cos_i.o(.constdata)
    C                                        0x08006970   Data          48  cos_i.o(.constdata)
    .constdata                               0x080069a0   Section        8  qnan.o(.constdata)
    .constdata                               0x080069a8   Section      200  rred.o(.constdata)
    pio2s                                    0x080069a8   Data          48  rred.o(.constdata)
    twooverpi                                0x080069d8   Data         152  rred.o(.constdata)
    .constdata                               0x08006a70   Section       40  sin_i.o(.constdata)
    S                                        0x08006a70   Data          40  sin_i.o(.constdata)
    .conststring                             0x08006a98   Section       77  inv_mpu.o(.conststring)
    .data                                    0x20000000   Section       16  main.o(.data)
    .data                                    0x20000010   Section       20  system_stm32f10x.o(.data)
    .data                                    0x20000024   Section        4  delay.o(.data)
    fac_us                                   0x20000024   Data           1  delay.o(.data)
    fac_ms                                   0x20000026   Data           2  delay.o(.data)
    .data                                    0x20000028   Section       20  stm32f10x_rcc.o(.data)
    ADCPrescTable                            0x20000028   Data           4  stm32f10x_rcc.o(.data)
    APBAHBPrescTable                         0x2000002c   Data          16  stm32f10x_rcc.o(.data)
    .data                                    0x2000003c   Section      167  laser.o(.data)
    .data                                    0x200000e3   Section        2  paj7620u2.o(.data)
    .data                                    0x200000e8   Section       53  inv_mpu.o(.data)
    st                                       0x200000e8   Data          44  inv_mpu.o(.data)
    gyro_orientation                         0x20000114   Data           9  inv_mpu.o(.data)
    .data                                    0x2000011e   Section       16  encoder.o(.data)
    .data                                    0x20000130   Section       36  valuepack.o(.data)
    .data                                    0x20000154   Section        4  valuepack.o(.data)
    .data                                    0x20000158   Section        8  timer.o(.data)
    __subSysTick                             0x20000158   Data           1  timer.o(.data)
    .data                                    0x20000160   Section        4  usart3.o(.data)
    .data                                    0x20000164   Section        4  errno.o(.data)
    _errno                                   0x20000164   Data           4  errno.o(.data)
    .bss                                     0x20000168   Section       12  main.o(.bss)
    .bss                                     0x20000174   Section      372  control.o(.bss)
    .bss                                     0x200002e8   Section       10  laser.o(.bss)
    .bss                                     0x200002f4   Section       16  inv_mpu_dmp_motion_driver.o(.bss)
    dmp                                      0x200002f4   Data          16  inv_mpu_dmp_motion_driver.o(.bss)
    .bss                                     0x20000304   Section       12  encoder.o(.bss)
    .bss                                     0x20000310   Section     1084  valuepack.o(.bss)
    .bss                                     0x2000074c   Section      512  usart3.o(.bss)
    STACK                                    0x20000950   Section     1024  startup_stm32f10x_hd.o(STACK)

    Global Symbols

    Symbol Name                              Value     Ov Type        Size  Object(Section)

    BuildAttributes$$THM_ISAv4$P$D$K$B$S$PE$A:L22UL41UL21$X:L11$S22US41US21$IEEE1$IW$USESV6$~STKCKD$USESV7$~SHL$OTIME$ROPI$IEEEX$EBA8$MICROLIB$REQ8$PRES8$EABIv2 0x00000000   Number         0  anon$$obj.o ABSOLUTE
    __ARM_use_no_argv                        0x00000000   Number         0  main.o ABSOLUTE
    __use_no_errno                           0x00000000   Number         0  useno.o ABSOLUTE
    __use_no_exception_handling              0x00000000   Number         0  useno.o ABSOLUTE
    __use_no_fp                              0x00000000   Number         0  useno.o ABSOLUTE
    __use_no_heap                            0x00000000   Number         0  useno.o ABSOLUTE
    __use_no_heap_region                     0x00000000   Number         0  useno.o ABSOLUTE
    __use_no_semihosting                     0x00000000   Number         0  useno.o ABSOLUTE
    __use_no_semihosting_swi                 0x00000000   Number         0  useno.o ABSOLUTE
    __use_no_signal_handling                 0x00000000   Number         0  useno.o ABSOLUTE
    _printf_a                                0x00000000   Number         0  stubs.o ABSOLUTE
    _printf_c                                0x00000000   Number         0  stubs.o ABSOLUTE
    _printf_charcount                        0x00000000   Number         0  stubs.o ABSOLUTE
    _printf_d                                0x00000000   Number         0  stubs.o ABSOLUTE
    _printf_e                                0x00000000   Number         0  stubs.o ABSOLUTE
    _printf_f                                0x00000000   Number         0  stubs.o ABSOLUTE
    _printf_flags                            0x00000000   Number         0  stubs.o ABSOLUTE
    _printf_fp_dec                           0x00000000   Number         0  stubs.o ABSOLUTE
    _printf_fp_hex                           0x00000000   Number         0  stubs.o ABSOLUTE
    _printf_g                                0x00000000   Number         0  stubs.o ABSOLUTE
    _printf_i                                0x00000000   Number         0  stubs.o ABSOLUTE
    _printf_int_dec                          0x00000000   Number         0  stubs.o ABSOLUTE
    _printf_l                                0x00000000   Number         0  stubs.o ABSOLUTE
    _printf_lc                               0x00000000   Number         0  stubs.o ABSOLUTE
    _printf_ll                               0x00000000   Number         0  stubs.o ABSOLUTE
    _printf_lld                              0x00000000   Number         0  stubs.o ABSOLUTE
    _printf_lli                              0x00000000   Number         0  stubs.o ABSOLUTE
    _printf_llo                              0x00000000   Number         0  stubs.o ABSOLUTE
    _printf_llu                              0x00000000   Number         0  stubs.o ABSOLUTE
    _printf_llx                              0x00000000   Number         0  stubs.o ABSOLUTE
    _printf_longlong_dec                     0x00000000   Number         0  stubs.o ABSOLUTE
    _printf_longlong_hex                     0x00000000   Number         0  stubs.o ABSOLUTE
    _printf_longlong_oct                     0x00000000   Number         0  stubs.o ABSOLUTE
    _printf_ls                               0x00000000   Number         0  stubs.o ABSOLUTE
    _printf_mbtowc                           0x00000000   Number         0  stubs.o ABSOLUTE
    _printf_n                                0x00000000   Number         0  stubs.o ABSOLUTE
    _printf_o                                0x00000000   Number         0  stubs.o ABSOLUTE
    _printf_p                                0x00000000   Number         0  stubs.o ABSOLUTE
    _printf_percent                          0x00000000   Number         0  stubs.o ABSOLUTE
    _printf_pre_padding                      0x00000000   Number         0  stubs.o ABSOLUTE
    _printf_return_value                     0x00000000   Number         0  stubs.o ABSOLUTE
    _printf_s                                0x00000000   Number         0  stubs.o ABSOLUTE
    _printf_sizespec                         0x00000000   Number         0  stubs.o ABSOLUTE
    _printf_str                              0x00000000   Number         0  stubs.o ABSOLUTE
    _printf_truncate_signed                  0x00000000   Number         0  stubs.o ABSOLUTE
    _printf_truncate_unsigned                0x00000000   Number         0  stubs.o ABSOLUTE
    _printf_u                                0x00000000   Number         0  stubs.o ABSOLUTE
    _printf_wc                               0x00000000   Number         0  stubs.o ABSOLUTE
    _printf_wctomb                           0x00000000   Number         0  stubs.o ABSOLUTE
    _printf_widthprec                        0x00000000   Number         0  stubs.o ABSOLUTE
    _printf_x                                0x00000000   Number         0  stubs.o ABSOLUTE
    __cpp_initialize__aeabi_                  - Undefined Weak Reference
    __cxa_finalize                            - Undefined Weak Reference
    _clock_init                               - Undefined Weak Reference
    _microlib_exit                            - Undefined Weak Reference
    __Vectors_Size                           0x00000130   Number         0  startup_stm32f10x_hd.o ABSOLUTE
    __Vectors                                0x08000000   Data           4  startup_stm32f10x_hd.o(RESET)
    __Vectors_End                            0x08000130   Data           0  startup_stm32f10x_hd.o(RESET)
    __main                                   0x08000131   Thumb Code     0  entry.o(.ARM.Collect$$$$00000000)
    _main_stk                                0x08000131   Thumb Code     0  entry2.o(.ARM.Collect$$$$00000001)
    _main_scatterload                        0x08000135   Thumb Code     0  entry5.o(.ARM.Collect$$$$00000004)
    __main_after_scatterload                 0x08000139   Thumb Code     0  entry5.o(.ARM.Collect$$$$00000004)
    _main_clock                              0x08000139   Thumb Code     0  entry7b.o(.ARM.Collect$$$$00000008)
    _main_cpp_init                           0x08000139   Thumb Code     0  entry8b.o(.ARM.Collect$$$$0000000A)
    _main_init                               0x08000139   Thumb Code     0  entry9a.o(.ARM.Collect$$$$0000000B)
    __rt_final_cpp                           0x08000141   Thumb Code     0  entry10a.o(.ARM.Collect$$$$0000000D)
    __rt_final_exit                          0x08000141   Thumb Code     0  entry11a.o(.ARM.Collect$$$$0000000F)
    Reset_Handler                            0x08000145   Thumb Code     8  startup_stm32f10x_hd.o(.text)
    ADC1_2_IRQHandler                        0x0800015f   Thumb Code     0  startup_stm32f10x_hd.o(.text)
    ADC3_IRQHandler                          0x0800015f   Thumb Code     0  startup_stm32f10x_hd.o(.text)
    CAN1_RX1_IRQHandler                      0x0800015f   Thumb Code     0  startup_stm32f10x_hd.o(.text)
    CAN1_SCE_IRQHandler                      0x0800015f   Thumb Code     0  startup_stm32f10x_hd.o(.text)
    DMA1_Channel1_IRQHandler                 0x0800015f   Thumb Code     0  startup_stm32f10x_hd.o(.text)
    DMA1_Channel2_IRQHandler                 0x0800015f   Thumb Code     0  startup_stm32f10x_hd.o(.text)
    DMA1_Channel3_IRQHandler                 0x0800015f   Thumb Code     0  startup_stm32f10x_hd.o(.text)
    DMA1_Channel4_IRQHandler                 0x0800015f   Thumb Code     0  startup_stm32f10x_hd.o(.text)
    DMA1_Channel5_IRQHandler                 0x0800015f   Thumb Code     0  startup_stm32f10x_hd.o(.text)
    DMA1_Channel6_IRQHandler                 0x0800015f   Thumb Code     0  startup_stm32f10x_hd.o(.text)
    DMA1_Channel7_IRQHandler                 0x0800015f   Thumb Code     0  startup_stm32f10x_hd.o(.text)
    DMA2_Channel1_IRQHandler                 0x0800015f   Thumb Code     0  startup_stm32f10x_hd.o(.text)
    DMA2_Channel2_IRQHandler                 0x0800015f   Thumb Code     0  startup_stm32f10x_hd.o(.text)
    DMA2_Channel3_IRQHandler                 0x0800015f   Thumb Code     0  startup_stm32f10x_hd.o(.text)
    DMA2_Channel4_5_IRQHandler               0x0800015f   Thumb Code     0  startup_stm32f10x_hd.o(.text)
    EXTI0_IRQHandler                         0x0800015f   Thumb Code     0  startup_stm32f10x_hd.o(.text)
    EXTI15_10_IRQHandler                     0x0800015f   Thumb Code     0  startup_stm32f10x_hd.o(.text)
    EXTI1_IRQHandler                         0x0800015f   Thumb Code     0  startup_stm32f10x_hd.o(.text)
    EXTI2_IRQHandler                         0x0800015f   Thumb Code     0  startup_stm32f10x_hd.o(.text)
    EXTI3_IRQHandler                         0x0800015f   Thumb Code     0  startup_stm32f10x_hd.o(.text)
    EXTI4_IRQHandler                         0x0800015f   Thumb Code     0  startup_stm32f10x_hd.o(.text)
    EXTI9_5_IRQHandler                       0x0800015f   Thumb Code     0  startup_stm32f10x_hd.o(.text)
    FLASH_IRQHandler                         0x0800015f   Thumb Code     0  startup_stm32f10x_hd.o(.text)
    FSMC_IRQHandler                          0x0800015f   Thumb Code     0  startup_stm32f10x_hd.o(.text)
    I2C1_ER_IRQHandler                       0x0800015f   Thumb Code     0  startup_stm32f10x_hd.o(.text)
    I2C1_EV_IRQHandler                       0x0800015f   Thumb Code     0  startup_stm32f10x_hd.o(.text)
    I2C2_ER_IRQHandler                       0x0800015f   Thumb Code     0  startup_stm32f10x_hd.o(.text)
    I2C2_EV_IRQHandler                       0x0800015f   Thumb Code     0  startup_stm32f10x_hd.o(.text)
    PVD_IRQHandler                           0x0800015f   Thumb Code     0  startup_stm32f10x_hd.o(.text)
    RCC_IRQHandler                           0x0800015f   Thumb Code     0  startup_stm32f10x_hd.o(.text)
    RTCAlarm_IRQHandler                      0x0800015f   Thumb Code     0  startup_stm32f10x_hd.o(.text)
    RTC_IRQHandler                           0x0800015f   Thumb Code     0  startup_stm32f10x_hd.o(.text)
    SDIO_IRQHandler                          0x0800015f   Thumb Code     0  startup_stm32f10x_hd.o(.text)
    SPI1_IRQHandler                          0x0800015f   Thumb Code     0  startup_stm32f10x_hd.o(.text)
    SPI2_IRQHandler                          0x0800015f   Thumb Code     0  startup_stm32f10x_hd.o(.text)
    SPI3_IRQHandler                          0x0800015f   Thumb Code     0  startup_stm32f10x_hd.o(.text)
    TAMPER_IRQHandler                        0x0800015f   Thumb Code     0  startup_stm32f10x_hd.o(.text)
    TIM1_BRK_IRQHandler                      0x0800015f   Thumb Code     0  startup_stm32f10x_hd.o(.text)
    TIM1_CC_IRQHandler                       0x0800015f   Thumb Code     0  startup_stm32f10x_hd.o(.text)
    TIM1_TRG_COM_IRQHandler                  0x0800015f   Thumb Code     0  startup_stm32f10x_hd.o(.text)
    TIM2_IRQHandler                          0x0800015f   Thumb Code     0  startup_stm32f10x_hd.o(.text)
    TIM3_IRQHandler                          0x0800015f   Thumb Code     0  startup_stm32f10x_hd.o(.text)
    TIM4_IRQHandler                          0x0800015f   Thumb Code     0  startup_stm32f10x_hd.o(.text)
    TIM5_IRQHandler                          0x0800015f   Thumb Code     0  startup_stm32f10x_hd.o(.text)
    TIM6_IRQHandler                          0x0800015f   Thumb Code     0  startup_stm32f10x_hd.o(.text)
    TIM7_IRQHandler                          0x0800015f   Thumb Code     0  startup_stm32f10x_hd.o(.text)
    TIM8_BRK_IRQHandler                      0x0800015f   Thumb Code     0  startup_stm32f10x_hd.o(.text)
    TIM8_CC_IRQHandler                       0x0800015f   Thumb Code     0  startup_stm32f10x_hd.o(.text)
    TIM8_TRG_COM_IRQHandler                  0x0800015f   Thumb Code     0  startup_stm32f10x_hd.o(.text)
    TIM8_UP_IRQHandler                       0x0800015f   Thumb Code     0  startup_stm32f10x_hd.o(.text)
    UART4_IRQHandler                         0x0800015f   Thumb Code     0  startup_stm32f10x_hd.o(.text)
    UART5_IRQHandler                         0x0800015f   Thumb Code     0  startup_stm32f10x_hd.o(.text)
    USART1_IRQHandler                        0x0800015f   Thumb Code     0  startup_stm32f10x_hd.o(.text)
    USBWakeUp_IRQHandler                     0x0800015f   Thumb Code     0  startup_stm32f10x_hd.o(.text)
    USB_HP_CAN1_TX_IRQHandler                0x0800015f   Thumb Code     0  startup_stm32f10x_hd.o(.text)
    USB_LP_CAN1_RX0_IRQHandler               0x0800015f   Thumb Code     0  startup_stm32f10x_hd.o(.text)
    WWDG_IRQHandler                          0x0800015f   Thumb Code     0  startup_stm32f10x_hd.o(.text)
    __aeabi_ldivmod                          0x08000169   Thumb Code    98  ldiv.o(.text)
    __aeabi_memset                           0x080001cb   Thumb Code    14  memseta.o(.text)
    __aeabi_memset4                          0x080001cb   Thumb Code     0  memseta.o(.text)
    __aeabi_memset8                          0x080001cb   Thumb Code     0  memseta.o(.text)
    __aeabi_memclr                           0x080001d9   Thumb Code     4  memseta.o(.text)
    __aeabi_memclr4                          0x080001d9   Thumb Code     0  memseta.o(.text)
    __aeabi_memclr8                          0x080001d9   Thumb Code     0  memseta.o(.text)
    _memset$wrapper                          0x080001dd   Thumb Code    18  memseta.o(.text)
    memcmp                                   0x080001ef   Thumb Code    26  memcmp.o(.text)
    __aeabi_fadd                             0x08000209   Thumb Code   164  fadd.o(.text)
    __aeabi_fsub                             0x080002ad   Thumb Code     6  fadd.o(.text)
    __aeabi_frsub                            0x080002b3   Thumb Code     6  fadd.o(.text)
    __aeabi_fmul                             0x080002b9   Thumb Code   100  fmul.o(.text)
    __aeabi_fdiv                             0x0800031d   Thumb Code   124  fdiv.o(.text)
    __ARM_scalbnf                            0x08000399   Thumb Code    24  fscalb.o(.text)
    scalbnf                                  0x08000399   Thumb Code     0  fscalb.o(.text)
    __aeabi_dadd                             0x080003b1   Thumb Code   322  dadd.o(.text)
    __aeabi_dsub                             0x080004f3   Thumb Code     6  dadd.o(.text)
    __aeabi_drsub                            0x080004f9   Thumb Code     6  dadd.o(.text)
    __aeabi_dmul                             0x080004ff   Thumb Code   228  dmul.o(.text)
    __aeabi_ddiv                             0x080005e3   Thumb Code   222  ddiv.o(.text)
    __aeabi_i2f                              0x080006c1   Thumb Code    18  fflti.o(.text)
    __aeabi_ui2f                             0x080006d3   Thumb Code    10  ffltui.o(.text)
    __aeabi_i2d                              0x080006dd   Thumb Code    34  dflti.o(.text)
    __aeabi_f2iz                             0x080006ff   Thumb Code    50  ffixi.o(.text)
    __aeabi_f2uiz                            0x08000731   Thumb Code    40  ffixui.o(.text)
    __aeabi_f2d                              0x08000759   Thumb Code    38  f2d.o(.text)
    __aeabi_d2f                              0x0800077f   Thumb Code    56  d2f.o(.text)
    __aeabi_cfrcmple                         0x080007b9   Thumb Code    20  cfrcmple.o(.text)
    __aeabi_uldivmod                         0x080007cd   Thumb Code    98  uldiv.o(.text)
    __aeabi_llsl                             0x0800082f   Thumb Code    30  llshl.o(.text)
    _ll_shift_l                              0x0800082f   Thumb Code     0  llshl.o(.text)
    __aeabi_lasr                             0x0800084d   Thumb Code    36  llsshr.o(.text)
    _ll_sshift_r                             0x0800084d   Thumb Code     0  llsshr.o(.text)
    __I$use$fp                               0x08000871   Thumb Code     0  iusefp.o(.text)
    _float_round                             0x08000871   Thumb Code    18  fepilogue.o(.text)
    _float_epilogue                          0x08000883   Thumb Code    92  fepilogue.o(.text)
    _double_round                            0x080008df   Thumb Code    30  depilogue.o(.text)
    _double_epilogue                         0x080008fd   Thumb Code   156  depilogue.o(.text)
    __ARM_scalbn                             0x08000999   Thumb Code    46  dscalb.o(.text)
    scalbn                                   0x08000999   Thumb Code     0  dscalb.o(.text)
    __scatterload                            0x080009c9   Thumb Code    28  init.o(.text)
    __scatterload_rt2                        0x080009c9   Thumb Code     0  init.o(.text)
    __aeabi_llsr                             0x080009ed   Thumb Code    32  llushr.o(.text)
    _ll_ushift_r                             0x080009ed   Thumb Code     0  llushr.o(.text)
    _dsqrt                                   0x08000a0d   Thumb Code   162  dsqrt.o(.text)
    __aeabi_ui2d                             0x08000aaf   Thumb Code    26  dfltui.o(.text)
    __aeabi_d2iz                             0x08000ac9   Thumb Code    62  dfixi.o(.text)
    __decompress                             0x08000b07   Thumb Code     0  __dczerorl2.o(.text)
    __decompress1                            0x08000b07   Thumb Code    86  __dczerorl2.o(.text)
    BusFault_Handler                         0x08000b5d   Thumb Code     2  stm32f10x_it.o(i.BusFault_Handler)
    DebugMon_Handler                         0x08000b5f   Thumb Code     2  stm32f10x_it.o(i.DebugMon_Handler)
    Encoder_Init_TIM2                        0x08000b61   Thumb Code   110  timer.o(i.Encoder_Init_TIM2)
    Encoder_Init_TIM3                        0x08000bd5   Thumb Code   108  timer.o(i.Encoder_Init_TIM3)
    Encoder_Init_TIM4                        0x08000c49   Thumb Code   108  timer.o(i.Encoder_Init_TIM4)
    GPIO_Init                                0x08000cbd   Thumb Code   156  stm32f10x_gpio.o(i.GPIO_Init)
    GPIO_ResetBits                           0x08000d59   Thumb Code     4  stm32f10x_gpio.o(i.GPIO_ResetBits)
    GPIO_SetBits                             0x08000d5d   Thumb Code     4  stm32f10x_gpio.o(i.GPIO_SetBits)
    GS_Read_Byte                             0x08000f61   Thumb Code    68  paj7620u2_iic.o(i.GS_Read_Byte)
    GS_Read_nByte                            0x08000fa5   Thumb Code    92  paj7620u2_iic.o(i.GS_Read_nByte)
    GS_WakeUp                                0x08001001   Thumb Code    20  paj7620u2_iic.o(i.GS_WakeUp)
    GS_Write_Byte                            0x08001015   Thumb Code    58  paj7620u2_iic.o(i.GS_Write_Byte)
    GS_i2c_init                              0x08001051   Thumb Code    46  paj7620u2_iic.o(i.GS_i2c_init)
    Gesture_test                             0x08001085   Thumb Code   152  paj7620u2.o(i.Gesture_test)
    HardFault_Handler                        0x08001139   Thumb Code     2  stm32f10x_it.o(i.HardFault_Handler)
    Laser_StateIterator                      0x0800113d   Thumb Code   196  laser.o(i.Laser_StateIterator)
    MPU_IIC_Ack                              0x08001209   Thumb Code    56  mpuiic.o(i.MPU_IIC_Ack)
    MPU_IIC_Init                             0x08001249   Thumb Code    50  mpuiic.o(i.MPU_IIC_Init)
    MPU_IIC_NAck                             0x08001281   Thumb Code    56  mpuiic.o(i.MPU_IIC_NAck)
    MPU_IIC_Read_Byte                        0x080012c1   Thumb Code   100  mpuiic.o(i.MPU_IIC_Read_Byte)
    MPU_IIC_Send_Byte                        0x0800132d   Thumb Code    80  mpuiic.o(i.MPU_IIC_Send_Byte)
    MPU_IIC_Start                            0x08001385   Thumb Code    56  mpuiic.o(i.MPU_IIC_Start)
    MPU_IIC_Stop                             0x080013c5   Thumb Code    58  mpuiic.o(i.MPU_IIC_Stop)
    MPU_IIC_Wait_Ack                         0x08001409   Thumb Code    78  mpuiic.o(i.MPU_IIC_Wait_Ack)
    MPU_Init                                 0x08001461   Thumb Code   118  mpu6050.o(i.MPU_Init)
    MPU_Read_Byte                            0x080014d7   Thumb Code    58  mpu6050.o(i.MPU_Read_Byte)
    MPU_Read_Len                             0x08001511   Thumb Code   106  mpu6050.o(i.MPU_Read_Len)
    MPU_Set_Accel_Fsr                        0x0800157b   Thumb Code    10  mpu6050.o(i.MPU_Set_Accel_Fsr)
    MPU_Set_Gyro_Fsr                         0x08001585   Thumb Code    10  mpu6050.o(i.MPU_Set_Gyro_Fsr)
    MPU_Set_LPF                              0x0800158f   Thumb Code    48  mpu6050.o(i.MPU_Set_LPF)
    MPU_Set_Rate                             0x080015bf   Thumb Code    46  mpu6050.o(i.MPU_Set_Rate)
    MPU_Write_Byte                           0x080015ed   Thumb Code    60  mpu6050.o(i.MPU_Write_Byte)
    MPU_Write_Len                            0x08001629   Thumb Code    82  mpu6050.o(i.MPU_Write_Len)
    MemManage_Handler                        0x0800167b   Thumb Code     2  stm32f10x_it.o(i.MemManage_Handler)
    NMI_Handler                              0x0800167d   Thumb Code     2  stm32f10x_it.o(i.NMI_Handler)
    NVIC_Init                                0x08001681   Thumb Code    94  misc.o(i.NVIC_Init)
    NVIC_PriorityGroupConfig                 0x080016e5   Thumb Code    10  misc.o(i.NVIC_PriorityGroupConfig)
    PID_Postion_Cal                          0x080016f9   Thumb Code   186  control.o(i.PID_Postion_Cal)
    PendSV_Handler                           0x080017b3   Thumb Code     2  stm32f10x_it.o(i.PendSV_Handler)
    PidParameter_init                        0x080017b5   Thumb Code    94  control.o(i.PidParameter_init)
    RCC_APB1PeriphClockCmd                   0x08001835   Thumb Code    18  stm32f10x_rcc.o(i.RCC_APB1PeriphClockCmd)
    RCC_APB2PeriphClockCmd                   0x0800184d   Thumb Code    18  stm32f10x_rcc.o(i.RCC_APB2PeriphClockCmd)
    RCC_GetClocksFreq                        0x08001865   Thumb Code   132  stm32f10x_rcc.o(i.RCC_GetClocksFreq)
    ReadPack                                 0x080018f9   Thumb Code    36  valuepack.o(i.ReadPack)
    SVC_Handler                              0x08001921   Thumb Code     2  stm32f10x_it.o(i.SVC_Handler)
    SysTick_CLKSourceConfig                  0x080019cd   Thumb Code    24  misc.o(i.SysTick_CLKSourceConfig)
    SysTick_Handler                          0x080019e5   Thumb Code     2  stm32f10x_it.o(i.SysTick_Handler)
    SystemInit                               0x080019e9   Thumb Code    64  system_stm32f10x.o(i.SystemInit)
    TIM1_PWM_Init                            0x08001a39   Thumb Code   216  timer.o(i.TIM1_PWM_Init)
    TIM1_UP_IRQHandler                       0x08001b19   Thumb Code    50  timer.o(i.TIM1_UP_IRQHandler)
    TIM_ARRPreloadConfig                     0x08001b55   Thumb Code    20  stm32f10x_tim.o(i.TIM_ARRPreloadConfig)
    TIM_ClearITPendingBit                    0x08001b69   Thumb Code     6  stm32f10x_tim.o(i.TIM_ClearITPendingBit)
    TIM_Cmd                                  0x08001b6f   Thumb Code    20  stm32f10x_tim.o(i.TIM_Cmd)
    TIM_CtrlPWMOutputs                       0x08001b83   Thumb Code    22  stm32f10x_tim.o(i.TIM_CtrlPWMOutputs)
    TIM_EncoderInterfaceConfig               0x08001b99   Thumb Code    50  stm32f10x_tim.o(i.TIM_EncoderInterfaceConfig)
    TIM_GetCounter                           0x08001bcb   Thumb Code     4  stm32f10x_tim.o(i.TIM_GetCounter)
    TIM_GetITStatus                          0x08001bcf   Thumb Code    24  stm32f10x_tim.o(i.TIM_GetITStatus)
    TIM_ITConfig                             0x08001be7   Thumb Code    16  stm32f10x_tim.o(i.TIM_ITConfig)
    TIM_OC1Init                              0x08001bf9   Thumb Code   106  stm32f10x_tim.o(i.TIM_OC1Init)
    TIM_OC1PreloadConfig                     0x08001c79   Thumb Code    12  stm32f10x_tim.o(i.TIM_OC1PreloadConfig)
    TIM_OC2Init                              0x08001c85   Thumb Code   120  stm32f10x_tim.o(i.TIM_OC2Init)
    TIM_OC2PreloadConfig                     0x08001d05   Thumb Code    20  stm32f10x_tim.o(i.TIM_OC2PreloadConfig)
    TIM_OC3Init                              0x08001d19   Thumb Code   116  stm32f10x_tim.o(i.TIM_OC3Init)
    TIM_OC3PreloadConfig                     0x08001d95   Thumb Code    12  stm32f10x_tim.o(i.TIM_OC3PreloadConfig)
    TIM_SetCompare1                          0x08001da1   Thumb Code     4  stm32f10x_tim.o(i.TIM_SetCompare1)
    TIM_SetCompare2                          0x08001da5   Thumb Code     4  stm32f10x_tim.o(i.TIM_SetCompare2)
    TIM_SetCompare3                          0x08001da9   Thumb Code     4  stm32f10x_tim.o(i.TIM_SetCompare3)
    TIM_SetCounter                           0x08001dad   Thumb Code     4  stm32f10x_tim.o(i.TIM_SetCounter)
    TIM_TimeBaseInit                         0x08001db1   Thumb Code   114  stm32f10x_tim.o(i.TIM_TimeBaseInit)
    TIM_TimeBaseStructInit                   0x08001e4d   Thumb Code    18  stm32f10x_tim.o(i.TIM_TimeBaseStructInit)
    ThreeWheelVellControl                    0x08001e61   Thumb Code   344  control.o(i.ThreeWheelVellControl)
    USART2_IRQHandler                        0x08001fcd   Thumb Code    62  valuepack.o(i.USART2_IRQHandler)
    USART3_IRQHandler                        0x08002019   Thumb Code    42  usart3.o(i.USART3_IRQHandler)
    USART_ClearITPendingBit                  0x08002051   Thumb Code    12  stm32f10x_usart.o(i.USART_ClearITPendingBit)
    USART_Cmd                                0x0800205d   Thumb Code    20  stm32f10x_usart.o(i.USART_Cmd)
    USART_GetFlagStatus                      0x08002071   Thumb Code    14  stm32f10x_usart.o(i.USART_GetFlagStatus)
    USART_GetITStatus                        0x0800207f   Thumb Code    62  stm32f10x_usart.o(i.USART_GetITStatus)
    USART_ITConfig                           0x080020bd   Thumb Code    48  stm32f10x_usart.o(i.USART_ITConfig)
    USART_Init                               0x080020ed   Thumb Code   166  stm32f10x_usart.o(i.USART_Init)
    USART_SendData                           0x08002199   Thumb Code     8  stm32f10x_usart.o(i.USART_SendData)
    UsageFault_Handler                       0x080021a1   Thumb Code     2  stm32f10x_it.o(i.UsageFault_Handler)
    __0printf$8                              0x080021a5   Thumb Code    22  printf8.o(i.__0printf$8)
    __1printf$8                              0x080021a5   Thumb Code     0  printf8.o(i.__0printf$8)
    __2printf                                0x080021a5   Thumb Code     0  printf8.o(i.__0printf$8)
    __ARM_fpclassify                         0x080021c5   Thumb Code    40  fpclassify.o(i.__ARM_fpclassify)
    __ieee754_rem_pio2                       0x080021ed   Thumb Code   828  rred.o(i.__ieee754_rem_pio2)
    __kernel_cos                             0x08002575   Thumb Code   230  cos_i.o(i.__kernel_cos)
    __kernel_poly                            0x08002671   Thumb Code   170  poly.o(i.__kernel_poly)
    __kernel_sin                             0x0800271d   Thumb Code   224  sin_i.o(i.__kernel_sin)
    __mathlib_dbl_infnan                     0x08002809   Thumb Code     6  dunder.o(i.__mathlib_dbl_infnan)
    __mathlib_dbl_infnan2                    0x0800280f   Thumb Code     4  dunder.o(i.__mathlib_dbl_infnan2)
    __mathlib_dbl_invalid                    0x08002813   Thumb Code    12  dunder.o(i.__mathlib_dbl_invalid)
    __mathlib_dbl_underflow                  0x08002821   Thumb Code    10  dunder.o(i.__mathlib_dbl_underflow)
    __scatterload_copy                       0x08002831   Thumb Code    14  handlers.o(i.__scatterload_copy)
    __scatterload_null                       0x0800283f   Thumb Code     2  handlers.o(i.__scatterload_null)
    __scatterload_zeroinit                   0x08002841   Thumb Code    14  handlers.o(i.__scatterload_zeroinit)
    __set_errno                              0x08002851   Thumb Code     6  errno.o(i.__set_errno)
    asin                                     0x08002d3d   Thumb Code   572  asin.o(i.asin)
    atan                                     0x08002fad   Thumb Code   474  atan.o(i.atan)
    atan2                                    0x080031cd   Thumb Code   346  atan2.o(i.atan2)
    cos                                      0x0800334d   Thumb Code   148  cos.o(i.cos)
    delay_init                               0x080033e9   Thumb Code    46  delay.o(i.delay_init)
    delay_ms                                 0x08003425   Thumb Code    46  delay.o(i.delay_ms)
    delay_us                                 0x08003459   Thumb Code    46  delay.o(i.delay_us)
    dmp_enable_6x_lp_quat                    0x0800348d   Thumb Code    58  inv_mpu_dmp_motion_driver.o(i.dmp_enable_6x_lp_quat)
    dmp_enable_feature                       0x080034c9   Thumb Code   468  inv_mpu_dmp_motion_driver.o(i.dmp_enable_feature)
    dmp_enable_gyro_cal                      0x080036a5   Thumb Code    32  inv_mpu_dmp_motion_driver.o(i.dmp_enable_gyro_cal)
    dmp_enable_lp_quat                       0x080036dd   Thumb Code    58  inv_mpu_dmp_motion_driver.o(i.dmp_enable_lp_quat)
    dmp_load_motion_driver_firmware          0x08003719   Thumb Code    16  inv_mpu_dmp_motion_driver.o(i.dmp_load_motion_driver_firmware)
    dmp_read_fifo                            0x0800372d   Thumb Code   324  inv_mpu_dmp_motion_driver.o(i.dmp_read_fifo)
    dmp_set_accel_bias                       0x08003875   Thumb Code   210  inv_mpu_dmp_motion_driver.o(i.dmp_set_accel_bias)
    dmp_set_fifo_rate                        0x0800394d   Thumb Code    82  inv_mpu_dmp_motion_driver.o(i.dmp_set_fifo_rate)
    dmp_set_gyro_bias                        0x080039b1   Thumb Code   196  inv_mpu_dmp_motion_driver.o(i.dmp_set_gyro_bias)
    dmp_set_orientation                      0x08003a7d   Thumb Code   246  inv_mpu_dmp_motion_driver.o(i.dmp_set_orientation)
    dmp_set_shake_reject_thresh              0x08003b89   Thumb Code    48  inv_mpu_dmp_motion_driver.o(i.dmp_set_shake_reject_thresh)
    dmp_set_shake_reject_time                0x08003bb9   Thumb Code    32  inv_mpu_dmp_motion_driver.o(i.dmp_set_shake_reject_time)
    dmp_set_shake_reject_timeout             0x08003bd9   Thumb Code    32  inv_mpu_dmp_motion_driver.o(i.dmp_set_shake_reject_timeout)
    dmp_set_tap_axes                         0x08003bf9   Thumb Code    64  inv_mpu_dmp_motion_driver.o(i.dmp_set_tap_axes)
    dmp_set_tap_count                        0x08003c39   Thumb Code    34  inv_mpu_dmp_motion_driver.o(i.dmp_set_tap_count)
    dmp_set_tap_thresh                       0x08003c5d   Thumb Code   274  inv_mpu_dmp_motion_driver.o(i.dmp_set_tap_thresh)
    dmp_set_tap_time                         0x08003d85   Thumb Code    32  inv_mpu_dmp_motion_driver.o(i.dmp_set_tap_time)
    dmp_set_tap_time_multi                   0x08003da5   Thumb Code    32  inv_mpu_dmp_motion_driver.o(i.dmp_set_tap_time_multi)
    fillSendPack                             0x08003dc5   Thumb Code    22  valuepack.o(i.fillSendPack)
    fputc                                    0x08003de9   Thumb Code    18  valuepack.o(i.fputc)
    initValuePack                            0x08004295   Thumb Code   176  valuepack.o(i.initValuePack)
    inv_orientation_matrix_to_scalar         0x0800434d   Thumb Code    34  inv_mpu.o(i.inv_orientation_matrix_to_scalar)
    inv_row_2_scale                          0x0800436f   Thumb Code    72  inv_mpu.o(i.inv_row_2_scale)
    main                                     0x080043b9   Thumb Code   356  main.o(i.main)
    mget_ms                                  0x08004549   Thumb Code     2  inv_mpu.o(i.mget_ms)
    motor_init                               0x0800454b   Thumb Code    38  motor.o(i.motor_init)
    mpu_configure_fifo                       0x08004571   Thumb Code    84  inv_mpu.o(i.mpu_configure_fifo)
    mpu_dmp_get_data                         0x080045c9   Thumb Code   408  inv_mpu.o(i.mpu_dmp_get_data)
    mpu_dmp_init                             0x08004765   Thumb Code   158  inv_mpu.o(i.mpu_dmp_init)
    mpu_get_accel_fsr                        0x08004809   Thumb Code    54  inv_mpu.o(i.mpu_get_accel_fsr)
    mpu_get_accel_sens                       0x08004845   Thumb Code    62  inv_mpu.o(i.mpu_get_accel_sens)
    mpu_get_gyro_fsr                         0x08004889   Thumb Code    48  inv_mpu.o(i.mpu_get_gyro_fsr)
    mpu_get_gyro_sens                        0x080048bd   Thumb Code    44  inv_mpu.o(i.mpu_get_gyro_sens)
    mpu_get_lpf                              0x080048fd   Thumb Code    52  inv_mpu.o(i.mpu_get_lpf)
    mpu_get_sample_rate                      0x08004935   Thumb Code    22  inv_mpu.o(i.mpu_get_sample_rate)
    mpu_init                                 0x08004951   Thumb Code   310  inv_mpu.o(i.mpu_init)
    mpu_load_firmware                        0x08004ad9   Thumb Code   158  inv_mpu.o(i.mpu_load_firmware)
    mpu_lp_accel_mode                        0x08004b7d   Thumb Code   178  inv_mpu.o(i.mpu_lp_accel_mode)
    mpu_read_fifo_stream                     0x08004c35   Thumb Code   140  inv_mpu.o(i.mpu_read_fifo_stream)
    mpu_read_mem                             0x08004cc5   Thumb Code    80  inv_mpu.o(i.mpu_read_mem)
    mpu_reset_fifo                           0x08004d19   Thumb Code   344  inv_mpu.o(i.mpu_reset_fifo)
    mpu_run_self_test                        0x08004e75   Thumb Code   234  inv_mpu.o(i.mpu_run_self_test)
    mpu_set_accel_fsr                        0x08004f65   Thumb Code    98  inv_mpu.o(i.mpu_set_accel_fsr)
    mpu_set_bypass                           0x08004fcd   Thumb Code   214  inv_mpu.o(i.mpu_set_bypass)
    mpu_set_dmp_state                        0x080050a9   Thumb Code   114  inv_mpu.o(i.mpu_set_dmp_state)
    mpu_set_gyro_fsr                         0x08005121   Thumb Code   104  inv_mpu.o(i.mpu_set_gyro_fsr)
    mpu_set_int_latched                      0x0800518d   Thumb Code    94  inv_mpu.o(i.mpu_set_int_latched)
    mpu_set_lpf                              0x080051f1   Thumb Code   102  inv_mpu.o(i.mpu_set_lpf)
    mpu_set_sample_rate                      0x0800525d   Thumb Code   116  inv_mpu.o(i.mpu_set_sample_rate)
    mpu_set_sensors                          0x080052d5   Thumb Code   178  inv_mpu.o(i.mpu_set_sensors)
    mpu_write_mem                            0x0800538d   Thumb Code    80  inv_mpu.o(i.mpu_write_mem)
    myEncoderInit                            0x080053e1   Thumb Code    18  encoder.o(i.myEncoderInit)
    myGPIO_Init                              0x080053f5   Thumb Code    82  gpio.o(i.myGPIO_Init)
    myGetEncoder                             0x08005451   Thumb Code    70  encoder.o(i.myGetEncoder)
    myGetSpeed                               0x080054a5   Thumb Code    96  encoder.o(i.myGetSpeed)
    myMotorSetPWM                            0x08005511   Thumb Code   122  motor.o(i.myMotorSetPWM)
    myMoveSpeedSetDir                        0x08005599   Thumb Code   126  move.o(i.myMoveSpeedSetDir)
    myMoveSpeedSetXYR                        0x08005625   Thumb Code    72  move.o(i.myMoveSpeedSetXYR)
    mySpeedPIDProcess                        0x08005679   Thumb Code    92  control.o(i.mySpeedPIDProcess)
    paj7620u2_init                           0x080056dd   Thumb Code    56  paj7620u2.o(i.paj7620u2_init)
    paj7620u2_selectBank                     0x08005719   Thumb Code    20  paj7620u2.o(i.paj7620u2_selectBank)
    paj7620u2_wakeup                         0x0800572d   Thumb Code    46  paj7620u2.o(i.paj7620u2_wakeup)
    readValuePack                            0x0800575d   Thumb Code   302  valuepack.o(i.readValuePack)
    run_self_test                            0x08005899   Thumb Code   128  inv_mpu.o(i.run_self_test)
    sendBuffer                               0x08005919   Thumb Code    46  valuepack.o(i.sendBuffer)
    sendValuePack                            0x0800594d   Thumb Code    98  valuepack.o(i.sendValuePack)
    sin                                      0x08005a0d   Thumb Code   150  sin.o(i.sin)
    sqrt                                     0x08005aad   Thumb Code    76  sqrt.o(i.sqrt)
    usart3_init                              0x08005af9   Thumb Code   124  usart3.o(i.usart3_init)
    init_Array                               0x08005b84   Data         102  paj7620u2.o(.constdata)
    gesture_arry                             0x08005bea   Data          60  paj7620u2.o(.constdata)
    reg                                      0x08005c26   Data          27  inv_mpu.o(.constdata)
    hw                                       0x08005c42   Data          12  inv_mpu.o(.constdata)
    test                                     0x08005c50   Data          40  inv_mpu.o(.constdata)
    __mathlib_zero                           0x080069a0   Data           8  qnan.o(.constdata)
    Region$$Table$$Base                      0x08006ae8   Number         0  anon$$obj.o(Region$$Table)
    Region$$Table$$Limit                     0x08006b08   Number         0  anon$$obj.o(Region$$Table)
    mpu6050_failed                           0x20000000   Data           1  main.o(.data)
    gesture_failed                           0x20000001   Data           1  main.o(.data)
    mpu6050_successful                       0x20000002   Data           1  main.o(.data)
    pitch                                    0x20000004   Data           4  main.o(.data)
    roll                                     0x20000008   Data           4  main.o(.data)
    yaw                                      0x2000000c   Data           4  main.o(.data)
    SystemCoreClock                          0x20000010   Data           4  system_stm32f10x.o(.data)
    AHBPrescTable                            0x20000014   Data          16  system_stm32f10x.o(.data)
    LaserSta                                 0x2000003c   Data           1  laser.o(.data)
    Laser_check                              0x20000040   Data           4  laser.o(.data)
    Laser_datapack                           0x20000044   Data         159  laser.o(.data)
    index_mode                               0x200000e3   Data           1  paj7620u2.o(.data)
    GestureFrist                             0x200000e4   Data           1  paj7620u2.o(.data)
    dir                                      0x2000011e   Data           3  encoder.o(.data)
    encoder_last                             0x20000122   Data           6  encoder.o(.data)
    encoder_now                              0x20000128   Data           6  encoder.o(.data)
    sum                                      0x20000130   Data           1  valuepack.o(.data)
    isok                                     0x20000131   Data           1  valuepack.o(.data)
    valuepack_tx_bit_index                   0x20000132   Data           1  valuepack.o(.data)
    valuepack_tx_index                       0x20000133   Data           1  valuepack.o(.data)
    rx_pack_length                           0x20000134   Data           2  valuepack.o(.data)
    rdi                                      0x20000136   Data           2  valuepack.o(.data)
    rdii                                     0x20000138   Data           2  valuepack.o(.data)
    idl                                      0x2000013a   Data           2  valuepack.o(.data)
    idi                                      0x2000013c   Data           2  valuepack.o(.data)
    loop                                     0x2000013e   Data           2  valuepack.o(.data)
    rxIndex                                  0x20000140   Data           4  valuepack.o(.data)
    rdIndex                                  0x20000144   Data           4  valuepack.o(.data)
    err                                      0x20000148   Data           4  valuepack.o(.data)
    vp_circle_rx_index                       0x2000014c   Data           4  valuepack.o(.data)
    idc                                      0x20000150   Data           4  valuepack.o(.data)
    __stdout                                 0x20000154   Data           4  valuepack.o(.data)
    sysTick                                  0x2000015c   Data           4  timer.o(.data)
    u3len                                    0x20000160   Data           4  usart3.o(.data)
    globalVell                               0x20000168   Data          12  main.o(.bss)
    PID_POS                                  0x20000174   Data         180  control.o(.bss)
    PID_SPEED                                0x20000228   Data         180  control.o(.bss)
    vell                                     0x200002dc   Data          12  control.o(.bss)
    Laser_distance                           0x200002e8   Data          10  laser.o(.bss)
    wheel_speed                              0x20000304   Data          12  encoder.o(.bss)
    vp_rxbuff                                0x20000310   Data        1024  valuepack.o(.bss)
    vp_txbuff                                0x20000710   Data          11  valuepack.o(.bss)
    tx_pack_ptr                              0x2000071c   Data          12  valuepack.o(.bss)
    rx_pack_ptr                              0x20000728   Data          20  valuepack.o(.bss)
    RC_Data                                  0x2000073c   Data          16  valuepack.o(.bss)
    u3buf                                    0x2000074c   Data         512  usart3.o(.bss)
    __initial_sp                             0x20000d50   Data           0  startup_stm32f10x_hd.o(STACK)



==============================================================================

Memory Map of the image

  Image Entry point : 0x08000145

  Load Region LR_1 (Base: 0x08000000, Size: 0x00006c70, Max: 0xffffffff, ABSOLUTE, COMPRESSED[0x00006b3c])

    Execution Region ER_RO (Exec base: 0x08000000, Load base: 0x08000000, Size: 0x00006b08, Max: 0xffffffff, ABSOLUTE)

    Exec Addr    Load Addr    Size         Type   Attr      Idx    E Section Name        Object

    0x08000000   0x08000000   0x00000130   Data   RO          376    RESET               startup_stm32f10x_hd.o
    0x08000130   0x08000130   0x00000000   Code   RO         4481  * .ARM.Collect$$$$00000000  mc_w.l(entry.o)
    0x08000130   0x08000130   0x00000004   Code   RO         4832    .ARM.Collect$$$$00000001  mc_w.l(entry2.o)
    0x08000134   0x08000134   0x00000004   Code   RO         4835    .ARM.Collect$$$$00000004  mc_w.l(entry5.o)
    0x08000138   0x08000138   0x00000000   Code   RO         4837    .ARM.Collect$$$$00000008  mc_w.l(entry7b.o)
    0x08000138   0x08000138   0x00000000   Code   RO         4839    .ARM.Collect$$$$0000000A  mc_w.l(entry8b.o)
    0x08000138   0x08000138   0x00000008   Code   RO         4840    .ARM.Collect$$$$0000000B  mc_w.l(entry9a.o)
    0x08000140   0x08000140   0x00000000   Code   RO         4842    .ARM.Collect$$$$0000000D  mc_w.l(entry10a.o)
    0x08000140   0x08000140   0x00000000   Code   RO         4844    .ARM.Collect$$$$0000000F  mc_w.l(entry11a.o)
    0x08000140   0x08000140   0x00000004   Code   RO         4833    .ARM.Collect$$$$00002712  mc_w.l(entry2.o)
    0x08000144   0x08000144   0x00000024   Code   RO          377  * .text               startup_stm32f10x_hd.o
    0x08000168   0x08000168   0x00000062   Code   RO         4484    .text               mc_w.l(ldiv.o)
    0x080001ca   0x080001ca   0x00000024   Code   RO         4486    .text               mc_w.l(memseta.o)
    0x080001ee   0x080001ee   0x0000001a   Code   RO         4488    .text               mc_w.l(memcmp.o)
    0x08000208   0x08000208   0x000000b0   Code   RO         4751    .text               mf_w.l(fadd.o)
    0x080002b8   0x080002b8   0x00000064   Code   RO         4753    .text               mf_w.l(fmul.o)
    0x0800031c   0x0800031c   0x0000007c   Code   RO         4755    .text               mf_w.l(fdiv.o)
    0x08000398   0x08000398   0x00000018   Code   RO         4757    .text               mf_w.l(fscalb.o)
    0x080003b0   0x080003b0   0x0000014e   Code   RO         4759    .text               mf_w.l(dadd.o)
    0x080004fe   0x080004fe   0x000000e4   Code   RO         4761    .text               mf_w.l(dmul.o)
    0x080005e2   0x080005e2   0x000000de   Code   RO         4763    .text               mf_w.l(ddiv.o)
    0x080006c0   0x080006c0   0x00000012   Code   RO         4765    .text               mf_w.l(fflti.o)
    0x080006d2   0x080006d2   0x0000000a   Code   RO         4767    .text               mf_w.l(ffltui.o)
    0x080006dc   0x080006dc   0x00000022   Code   RO         4769    .text               mf_w.l(dflti.o)
    0x080006fe   0x080006fe   0x00000032   Code   RO         4771    .text               mf_w.l(ffixi.o)
    0x08000730   0x08000730   0x00000028   Code   RO         4773    .text               mf_w.l(ffixui.o)
    0x08000758   0x08000758   0x00000026   Code   RO         4775    .text               mf_w.l(f2d.o)
    0x0800077e   0x0800077e   0x00000038   Code   RO         4777    .text               mf_w.l(d2f.o)
    0x080007b6   0x080007b6   0x00000002   PAD
    0x080007b8   0x080007b8   0x00000014   Code   RO         4779    .text               mf_w.l(cfrcmple.o)
    0x080007cc   0x080007cc   0x00000062   Code   RO         4848    .text               mc_w.l(uldiv.o)
    0x0800082e   0x0800082e   0x0000001e   Code   RO         4850    .text               mc_w.l(llshl.o)
    0x0800084c   0x0800084c   0x00000024   Code   RO         4852    .text               mc_w.l(llsshr.o)
    0x08000870   0x08000870   0x00000000   Code   RO         4861    .text               mc_w.l(iusefp.o)
    0x08000870   0x08000870   0x0000006e   Code   RO         4862    .text               mf_w.l(fepilogue.o)
    0x080008de   0x080008de   0x000000ba   Code   RO         4864    .text               mf_w.l(depilogue.o)
    0x08000998   0x08000998   0x0000002e   Code   RO         4866    .text               mf_w.l(dscalb.o)
    0x080009c6   0x080009c6   0x00000002   PAD
    0x080009c8   0x080009c8   0x00000024   Code   RO         4872    .text               mc_w.l(init.o)
    0x080009ec   0x080009ec   0x00000020   Code   RO         4874    .text               mc_w.l(llushr.o)
    0x08000a0c   0x08000a0c   0x000000a2   Code   RO         4876    .text               mf_w.l(dsqrt.o)
    0x08000aae   0x08000aae   0x0000001a   Code   RO         4878    .text               mf_w.l(dfltui.o)
    0x08000ac8   0x08000ac8   0x0000003e   Code   RO         4880    .text               mf_w.l(dfixi.o)
    0x08000b06   0x08000b06   0x00000056   Code   RO         4892    .text               mc_w.l(__dczerorl2.o)
    0x08000b5c   0x08000b5c   0x00000002   Code   RO          220    i.BusFault_Handler  stm32f10x_it.o
    0x08000b5e   0x08000b5e   0x00000002   Code   RO          221    i.DebugMon_Handler  stm32f10x_it.o
    0x08000b60   0x08000b60   0x00000074   Code   RO         4361    i.Encoder_Init_TIM2  timer.o
    0x08000bd4   0x08000bd4   0x00000074   Code   RO         4362    i.Encoder_Init_TIM3  timer.o
    0x08000c48   0x08000c48   0x00000074   Code   RO         4363    i.Encoder_Init_TIM4  timer.o
    0x08000cbc   0x08000cbc   0x0000009c   Code   RO         1553    i.GPIO_Init         stm32f10x_gpio.o
    0x08000d58   0x08000d58   0x00000004   Code   RO         1560    i.GPIO_ResetBits    stm32f10x_gpio.o
    0x08000d5c   0x08000d5c   0x00000004   Code   RO         1561    i.GPIO_SetBits      stm32f10x_gpio.o
    0x08000d60   0x08000d60   0x000000bc   Code   RO         3499    i.GS_IIC_Read_Byte  paj7620u2_iic.o
    0x08000e1c   0x08000e1c   0x00000068   Code   RO         3500    i.GS_IIC_Send_Byte  paj7620u2_iic.o
    0x08000e84   0x08000e84   0x00000040   Code   RO         3501    i.GS_IIC_Start      paj7620u2_iic.o
    0x08000ec4   0x08000ec4   0x00000044   Code   RO         3502    i.GS_IIC_Stop       paj7620u2_iic.o
    0x08000f08   0x08000f08   0x00000058   Code   RO         3503    i.GS_IIC_Wait_Ack   paj7620u2_iic.o
    0x08000f60   0x08000f60   0x00000044   Code   RO         3504    i.GS_Read_Byte      paj7620u2_iic.o
    0x08000fa4   0x08000fa4   0x0000005c   Code   RO         3505    i.GS_Read_nByte     paj7620u2_iic.o
    0x08001000   0x08001000   0x00000014   Code   RO         3506    i.GS_WakeUp         paj7620u2_iic.o
    0x08001014   0x08001014   0x0000003a   Code   RO         3507    i.GS_Write_Byte     paj7620u2_iic.o
    0x0800104e   0x0800104e   0x00000002   PAD
    0x08001050   0x08001050   0x00000034   Code   RO         3508    i.GS_i2c_init       paj7620u2_iic.o
    0x08001084   0x08001084   0x000000b4   Code   RO         3455    i.Gesture_test      paj7620u2.o
    0x08001138   0x08001138   0x00000002   Code   RO          222    i.HardFault_Handler  stm32f10x_it.o
    0x0800113a   0x0800113a   0x00000002   PAD
    0x0800113c   0x0800113c   0x000000cc   Code   RO         3436    i.Laser_StateIterator  laser.o
    0x08001208   0x08001208   0x00000040   Code   RO         3637    i.MPU_IIC_Ack       mpuiic.o
    0x08001248   0x08001248   0x00000038   Code   RO         3639    i.MPU_IIC_Init      mpuiic.o
    0x08001280   0x08001280   0x00000040   Code   RO         3640    i.MPU_IIC_NAck      mpuiic.o
    0x080012c0   0x080012c0   0x0000006c   Code   RO         3641    i.MPU_IIC_Read_Byte  mpuiic.o
    0x0800132c   0x0800132c   0x00000058   Code   RO         3642    i.MPU_IIC_Send_Byte  mpuiic.o
    0x08001384   0x08001384   0x00000040   Code   RO         3643    i.MPU_IIC_Start     mpuiic.o
    0x080013c4   0x080013c4   0x00000044   Code   RO         3644    i.MPU_IIC_Stop      mpuiic.o
    0x08001408   0x08001408   0x00000058   Code   RO         3645    i.MPU_IIC_Wait_Ack  mpuiic.o
    0x08001460   0x08001460   0x00000076   Code   RO         3563    i.MPU_Init          mpu6050.o
    0x080014d6   0x080014d6   0x0000003a   Code   RO         3564    i.MPU_Read_Byte     mpu6050.o
    0x08001510   0x08001510   0x0000006a   Code   RO         3565    i.MPU_Read_Len      mpu6050.o
    0x0800157a   0x0800157a   0x0000000a   Code   RO         3566    i.MPU_Set_Accel_Fsr  mpu6050.o
    0x08001584   0x08001584   0x0000000a   Code   RO         3567    i.MPU_Set_Gyro_Fsr  mpu6050.o
    0x0800158e   0x0800158e   0x00000030   Code   RO         3568    i.MPU_Set_LPF       mpu6050.o
    0x080015be   0x080015be   0x0000002e   Code   RO         3569    i.MPU_Set_Rate      mpu6050.o
    0x080015ec   0x080015ec   0x0000003c   Code   RO         3570    i.MPU_Write_Byte    mpu6050.o
    0x08001628   0x08001628   0x00000052   Code   RO         3571    i.MPU_Write_Len     mpu6050.o
    0x0800167a   0x0800167a   0x00000002   Code   RO          223    i.MemManage_Handler  stm32f10x_it.o
    0x0800167c   0x0800167c   0x00000002   Code   RO          224    i.NMI_Handler       stm32f10x_it.o
    0x0800167e   0x0800167e   0x00000002   PAD
    0x08001680   0x08001680   0x00000064   Code   RO          381    i.NVIC_Init         misc.o
    0x080016e4   0x080016e4   0x00000014   Code   RO          382    i.NVIC_PriorityGroupConfig  misc.o
    0x080016f8   0x080016f8   0x000000ba   Code   RO         3377    i.PID_Postion_Cal   control.o
    0x080017b2   0x080017b2   0x00000002   Code   RO          225    i.PendSV_Handler    stm32f10x_it.o
    0x080017b4   0x080017b4   0x00000080   Code   RO         3378    i.PidParameter_init  control.o
    0x08001834   0x08001834   0x00000018   Code   RO         1969    i.RCC_APB1PeriphClockCmd  stm32f10x_rcc.o
    0x0800184c   0x0800184c   0x00000018   Code   RO         1971    i.RCC_APB2PeriphClockCmd  stm32f10x_rcc.o
    0x08001864   0x08001864   0x00000094   Code   RO         1979    i.RCC_GetClocksFreq  stm32f10x_rcc.o
    0x080018f8   0x080018f8   0x00000028   Code   RO         4265    i.ReadPack          valuepack.o
    0x08001920   0x08001920   0x00000002   Code   RO          226    i.SVC_Handler       stm32f10x_it.o
    0x08001922   0x08001922   0x00000002   PAD
    0x08001924   0x08001924   0x000000a8   Code   RO          191    i.SetSysClockTo72   system_stm32f10x.o
    0x080019cc   0x080019cc   0x00000018   Code   RO          385    i.SysTick_CLKSourceConfig  misc.o
    0x080019e4   0x080019e4   0x00000002   Code   RO          227    i.SysTick_Handler   stm32f10x_it.o
    0x080019e6   0x080019e6   0x00000002   PAD
    0x080019e8   0x080019e8   0x00000050   Code   RO          193    i.SystemInit        system_stm32f10x.o
    0x08001a38   0x08001a38   0x000000e0   Code   RO         4364    i.TIM1_PWM_Init     timer.o
    0x08001b18   0x08001b18   0x0000003c   Code   RO         4365    i.TIM1_UP_IRQHandler  timer.o
    0x08001b54   0x08001b54   0x00000014   Code   RO         2588    i.TIM_ARRPreloadConfig  stm32f10x_tim.o
    0x08001b68   0x08001b68   0x00000006   Code   RO         2595    i.TIM_ClearITPendingBit  stm32f10x_tim.o
    0x08001b6e   0x08001b6e   0x00000014   Code   RO         2600    i.TIM_Cmd           stm32f10x_tim.o
    0x08001b82   0x08001b82   0x00000016   Code   RO         2602    i.TIM_CtrlPWMOutputs  stm32f10x_tim.o
    0x08001b98   0x08001b98   0x00000032   Code   RO         2609    i.TIM_EncoderInterfaceConfig  stm32f10x_tim.o
    0x08001bca   0x08001bca   0x00000004   Code   RO         2619    i.TIM_GetCounter    stm32f10x_tim.o
    0x08001bce   0x08001bce   0x00000018   Code   RO         2621    i.TIM_GetITStatus   stm32f10x_tim.o
    0x08001be6   0x08001be6   0x00000010   Code   RO         2625    i.TIM_ITConfig      stm32f10x_tim.o
    0x08001bf6   0x08001bf6   0x00000002   PAD
    0x08001bf8   0x08001bf8   0x00000080   Code   RO         2629    i.TIM_OC1Init       stm32f10x_tim.o
    0x08001c78   0x08001c78   0x0000000c   Code   RO         2632    i.TIM_OC1PreloadConfig  stm32f10x_tim.o
    0x08001c84   0x08001c84   0x00000080   Code   RO         2634    i.TIM_OC2Init       stm32f10x_tim.o
    0x08001d04   0x08001d04   0x00000014   Code   RO         2637    i.TIM_OC2PreloadConfig  stm32f10x_tim.o
    0x08001d18   0x08001d18   0x0000007c   Code   RO         2639    i.TIM_OC3Init       stm32f10x_tim.o
    0x08001d94   0x08001d94   0x0000000c   Code   RO         2642    i.TIM_OC3PreloadConfig  stm32f10x_tim.o
    0x08001da0   0x08001da0   0x00000004   Code   RO         2661    i.TIM_SetCompare1   stm32f10x_tim.o
    0x08001da4   0x08001da4   0x00000004   Code   RO         2662    i.TIM_SetCompare2   stm32f10x_tim.o
    0x08001da8   0x08001da8   0x00000004   Code   RO         2663    i.TIM_SetCompare3   stm32f10x_tim.o
    0x08001dac   0x08001dac   0x00000004   Code   RO         2665    i.TIM_SetCounter    stm32f10x_tim.o
    0x08001db0   0x08001db0   0x0000009c   Code   RO         2671    i.TIM_TimeBaseInit  stm32f10x_tim.o
    0x08001e4c   0x08001e4c   0x00000012   Code   RO         2672    i.TIM_TimeBaseStructInit  stm32f10x_tim.o
    0x08001e5e   0x08001e5e   0x00000002   PAD
    0x08001e60   0x08001e60   0x0000016c   Code   RO         3379    i.ThreeWheelVellControl  control.o
    0x08001fcc   0x08001fcc   0x0000004c   Code   RO         4266    i.USART2_IRQHandler  valuepack.o
    0x08002018   0x08002018   0x00000038   Code   RO         4403    i.USART3_IRQHandler  usart3.o
    0x08002050   0x08002050   0x0000000c   Code   RO         3120    i.USART_ClearITPendingBit  stm32f10x_usart.o
    0x0800205c   0x0800205c   0x00000014   Code   RO         3123    i.USART_Cmd         stm32f10x_usart.o
    0x08002070   0x08002070   0x0000000e   Code   RO         3126    i.USART_GetFlagStatus  stm32f10x_usart.o
    0x0800207e   0x0800207e   0x0000003e   Code   RO         3127    i.USART_GetITStatus  stm32f10x_usart.o
    0x080020bc   0x080020bc   0x00000030   Code   RO         3129    i.USART_ITConfig    stm32f10x_usart.o
    0x080020ec   0x080020ec   0x000000ac   Code   RO         3130    i.USART_Init        stm32f10x_usart.o
    0x08002198   0x08002198   0x00000008   Code   RO         3140    i.USART_SendData    stm32f10x_usart.o
    0x080021a0   0x080021a0   0x00000002   Code   RO          228    i.UsageFault_Handler  stm32f10x_it.o
    0x080021a2   0x080021a2   0x00000002   PAD
    0x080021a4   0x080021a4   0x00000020   Code   RO         4697    i.__0printf$8       mc_w.l(printf8.o)
    0x080021c4   0x080021c4   0x00000028   Code   RO         4808    i.__ARM_fpclassify  m_ws.l(fpclassify.o)
    0x080021ec   0x080021ec   0x00000388   Code   RO         4813    i.__ieee754_rem_pio2  m_ws.l(rred.o)
    0x08002574   0x08002574   0x000000fc   Code   RO         4791    i.__kernel_cos      m_ws.l(cos_i.o)
    0x08002670   0x08002670   0x000000aa   Code   RO         4810    i.__kernel_poly     m_ws.l(poly.o)
    0x0800271a   0x0800271a   0x00000002   PAD
    0x0800271c   0x0800271c   0x000000ec   Code   RO         4818    i.__kernel_sin      m_ws.l(sin_i.o)
    0x08002808   0x08002808   0x00000006   Code   RO         4795    i.__mathlib_dbl_infnan  m_ws.l(dunder.o)
    0x0800280e   0x0800280e   0x00000004   Code   RO         4796    i.__mathlib_dbl_infnan2  m_ws.l(dunder.o)
    0x08002812   0x08002812   0x0000000c   Code   RO         4797    i.__mathlib_dbl_invalid  m_ws.l(dunder.o)
    0x0800281e   0x0800281e   0x00000002   PAD
    0x08002820   0x08002820   0x00000010   Code   RO         4800    i.__mathlib_dbl_underflow  m_ws.l(dunder.o)
    0x08002830   0x08002830   0x0000000e   Code   RO         4886    i.__scatterload_copy  mc_w.l(handlers.o)
    0x0800283e   0x0800283e   0x00000002   Code   RO         4887    i.__scatterload_null  mc_w.l(handlers.o)
    0x08002840   0x08002840   0x0000000e   Code   RO         4888    i.__scatterload_zeroinit  mc_w.l(handlers.o)
    0x0800284e   0x0800284e   0x00000002   PAD
    0x08002850   0x08002850   0x0000000c   Code   RO         4856    i.__set_errno       mc_w.l(errno.o)
    0x0800285c   0x0800285c   0x00000410   Code   RO         4704    i._printf_core      mc_w.l(printf8.o)
    0x08002c6c   0x08002c6c   0x00000024   Code   RO         4705    i._printf_post_padding  mc_w.l(printf8.o)
    0x08002c90   0x08002c90   0x0000002e   Code   RO         4706    i._printf_pre_padding  mc_w.l(printf8.o)
    0x08002cbe   0x08002cbe   0x00000002   PAD
    0x08002cc0   0x08002cc0   0x0000007c   Code   RO         3697    i.accel_self_test   inv_mpu.o
    0x08002d3c   0x08002d3c   0x00000270   Code   RO         4448    i.asin              m_ws.l(asin.o)
    0x08002fac   0x08002fac   0x00000220   Code   RO         4782    i.atan              m_ws.l(atan.o)
    0x080031cc   0x080031cc   0x00000180   Code   RO         4458    i.atan2             m_ws.l(atan2.o)
    0x0800334c   0x0800334c   0x0000009c   Code   RO         4466    i.cos               m_ws.l(cos.o)
    0x080033e8   0x080033e8   0x0000003c   Code   RO          283    i.delay_init        delay.o
    0x08003424   0x08003424   0x00000034   Code   RO          284    i.delay_ms          delay.o
    0x08003458   0x08003458   0x00000034   Code   RO          285    i.delay_us          delay.o
    0x0800348c   0x0800348c   0x0000003a   Code   RO         4043    i.dmp_enable_6x_lp_quat  inv_mpu_dmp_motion_driver.o
    0x080034c6   0x080034c6   0x00000002   PAD
    0x080034c8   0x080034c8   0x000001dc   Code   RO         4044    i.dmp_enable_feature  inv_mpu_dmp_motion_driver.o
    0x080036a4   0x080036a4   0x00000038   Code   RO         4045    i.dmp_enable_gyro_cal  inv_mpu_dmp_motion_driver.o
    0x080036dc   0x080036dc   0x0000003a   Code   RO         4046    i.dmp_enable_lp_quat  inv_mpu_dmp_motion_driver.o
    0x08003716   0x08003716   0x00000002   PAD
    0x08003718   0x08003718   0x00000014   Code   RO         4051    i.dmp_load_motion_driver_firmware  inv_mpu_dmp_motion_driver.o
    0x0800372c   0x0800372c   0x00000148   Code   RO         4052    i.dmp_read_fifo     inv_mpu_dmp_motion_driver.o
    0x08003874   0x08003874   0x000000d8   Code   RO         4055    i.dmp_set_accel_bias  inv_mpu_dmp_motion_driver.o
    0x0800394c   0x0800394c   0x00000064   Code   RO         4056    i.dmp_set_fifo_rate  inv_mpu_dmp_motion_driver.o
    0x080039b0   0x080039b0   0x000000cc   Code   RO         4057    i.dmp_set_gyro_bias  inv_mpu_dmp_motion_driver.o
    0x08003a7c   0x08003a7c   0x0000010c   Code   RO         4059    i.dmp_set_orientation  inv_mpu_dmp_motion_driver.o
    0x08003b88   0x08003b88   0x00000030   Code   RO         4062    i.dmp_set_shake_reject_thresh  inv_mpu_dmp_motion_driver.o
    0x08003bb8   0x08003bb8   0x00000020   Code   RO         4063    i.dmp_set_shake_reject_time  inv_mpu_dmp_motion_driver.o
    0x08003bd8   0x08003bd8   0x00000020   Code   RO         4064    i.dmp_set_shake_reject_timeout  inv_mpu_dmp_motion_driver.o
    0x08003bf8   0x08003bf8   0x00000040   Code   RO         4065    i.dmp_set_tap_axes  inv_mpu_dmp_motion_driver.o
    0x08003c38   0x08003c38   0x00000022   Code   RO         4066    i.dmp_set_tap_count  inv_mpu_dmp_motion_driver.o
    0x08003c5a   0x08003c5a   0x00000002   PAD
    0x08003c5c   0x08003c5c   0x00000128   Code   RO         4067    i.dmp_set_tap_thresh  inv_mpu_dmp_motion_driver.o
    0x08003d84   0x08003d84   0x00000020   Code   RO         4068    i.dmp_set_tap_time  inv_mpu_dmp_motion_driver.o
    0x08003da4   0x08003da4   0x00000020   Code   RO         4069    i.dmp_set_tap_time_multi  inv_mpu_dmp_motion_driver.o
    0x08003dc4   0x08003dc4   0x00000024   Code   RO         4268    i.fillSendPack      valuepack.o
    0x08003de8   0x08003de8   0x00000018   Code   RO         4269    i.fputc             valuepack.o
    0x08003e00   0x08003e00   0x000000a8   Code   RO         3698    i.get_accel_prod_shift  inv_mpu.o
    0x08003ea8   0x08003ea8   0x00000314   Code   RO         3699    i.get_st_biases     inv_mpu.o
    0x080041bc   0x080041bc   0x000000d8   Code   RO         3700    i.gyro_self_test    inv_mpu.o
    0x08004294   0x08004294   0x000000b8   Code   RO         4270    i.initValuePack     valuepack.o
    0x0800434c   0x0800434c   0x00000022   Code   RO         3701    i.inv_orientation_matrix_to_scalar  inv_mpu.o
    0x0800436e   0x0800436e   0x00000048   Code   RO         3702    i.inv_row_2_scale   inv_mpu.o
    0x080043b6   0x080043b6   0x00000002   PAD
    0x080043b8   0x080043b8   0x00000190   Code   RO            1    i.main              main.o
    0x08004548   0x08004548   0x00000002   Code   RO         3703    i.mget_ms           inv_mpu.o
    0x0800454a   0x0800454a   0x00000026   Code   RO         4247    i.motor_init        motor.o
    0x08004570   0x08004570   0x00000058   Code   RO         3704    i.mpu_configure_fifo  inv_mpu.o
    0x080045c8   0x080045c8   0x0000019c   Code   RO         3705    i.mpu_dmp_get_data  inv_mpu.o
    0x08004764   0x08004764   0x000000a4   Code   RO         3706    i.mpu_dmp_init      inv_mpu.o
    0x08004808   0x08004808   0x0000003c   Code   RO         3707    i.mpu_get_accel_fsr  inv_mpu.o
    0x08004844   0x08004844   0x00000044   Code   RO         3709    i.mpu_get_accel_sens  inv_mpu.o
    0x08004888   0x08004888   0x00000034   Code   RO         3715    i.mpu_get_gyro_fsr  inv_mpu.o
    0x080048bc   0x080048bc   0x00000040   Code   RO         3717    i.mpu_get_gyro_sens  inv_mpu.o
    0x080048fc   0x080048fc   0x00000038   Code   RO         3719    i.mpu_get_lpf       inv_mpu.o
    0x08004934   0x08004934   0x0000001c   Code   RO         3721    i.mpu_get_sample_rate  inv_mpu.o
    0x08004950   0x08004950   0x00000188   Code   RO         3723    i.mpu_init          inv_mpu.o
    0x08004ad8   0x08004ad8   0x000000a4   Code   RO         3724    i.mpu_load_firmware  inv_mpu.o
    0x08004b7c   0x08004b7c   0x000000b8   Code   RO         3725    i.mpu_lp_accel_mode  inv_mpu.o
    0x08004c34   0x08004c34   0x00000090   Code   RO         3728    i.mpu_read_fifo_stream  inv_mpu.o
    0x08004cc4   0x08004cc4   0x00000054   Code   RO         3729    i.mpu_read_mem      inv_mpu.o
    0x08004d18   0x08004d18   0x0000015c   Code   RO         3732    i.mpu_reset_fifo    inv_mpu.o
    0x08004e74   0x08004e74   0x000000f0   Code   RO         3733    i.mpu_run_self_test  inv_mpu.o
    0x08004f64   0x08004f64   0x00000068   Code   RO         3735    i.mpu_set_accel_fsr  inv_mpu.o
    0x08004fcc   0x08004fcc   0x000000dc   Code   RO         3736    i.mpu_set_bypass    inv_mpu.o
    0x080050a8   0x080050a8   0x00000078   Code   RO         3738    i.mpu_set_dmp_state  inv_mpu.o
    0x08005120   0x08005120   0x0000006c   Code   RO         3739    i.mpu_set_gyro_fsr  inv_mpu.o
    0x0800518c   0x0800518c   0x00000064   Code   RO         3740    i.mpu_set_int_latched  inv_mpu.o
    0x080051f0   0x080051f0   0x0000006c   Code   RO         3742    i.mpu_set_lpf       inv_mpu.o
    0x0800525c   0x0800525c   0x00000078   Code   RO         3743    i.mpu_set_sample_rate  inv_mpu.o
    0x080052d4   0x080052d4   0x000000b8   Code   RO         3744    i.mpu_set_sensors   inv_mpu.o
    0x0800538c   0x0800538c   0x00000054   Code   RO         3745    i.mpu_write_mem     inv_mpu.o
    0x080053e0   0x080053e0   0x00000012   Code   RO         4216    i.myEncoderInit     encoder.o
    0x080053f2   0x080053f2   0x00000002   PAD
    0x080053f4   0x080053f4   0x0000005c   Code   RO         4435    i.myGPIO_Init       gpio.o
    0x08005450   0x08005450   0x00000054   Code   RO         4217    i.myGetEncoder      encoder.o
    0x080054a4   0x080054a4   0x0000006c   Code   RO         4218    i.myGetSpeed        encoder.o
    0x08005510   0x08005510   0x00000088   Code   RO         4248    i.myMotorSetPWM     motor.o
    0x08005598   0x08005598   0x0000008c   Code   RO         3417    i.myMoveSpeedSetDir  move.o
    0x08005624   0x08005624   0x00000054   Code   RO         3418    i.myMoveSpeedSetXYR  move.o
    0x08005678   0x08005678   0x00000064   Code   RO         3380    i.mySpeedPIDProcess  control.o
    0x080056dc   0x080056dc   0x0000003c   Code   RO         3456    i.paj7620u2_init    paj7620u2.o
    0x08005718   0x08005718   0x00000014   Code   RO         3457    i.paj7620u2_selectBank  paj7620u2.o
    0x0800572c   0x0800572c   0x0000002e   Code   RO         3458    i.paj7620u2_wakeup  paj7620u2.o
    0x0800575a   0x0800575a   0x00000002   PAD
    0x0800575c   0x0800575c   0x0000013c   Code   RO         4271    i.readValuePack     valuepack.o
    0x08005898   0x08005898   0x00000080   Code   RO         3746    i.run_self_test     inv_mpu.o
    0x08005918   0x08005918   0x00000034   Code   RO         4272    i.sendBuffer        valuepack.o
    0x0800594c   0x0800594c   0x0000006c   Code   RO         4273    i.sendValuePack     valuepack.o
    0x080059b8   0x080059b8   0x00000054   Code   RO         3747    i.set_int_enable    inv_mpu.o
    0x08005a0c   0x08005a0c   0x000000a0   Code   RO         4474    i.sin               m_ws.l(sin.o)
    0x08005aac   0x08005aac   0x0000004c   Code   RO         4825    i.sqrt              m_ws.l(sqrt.o)
    0x08005af8   0x08005af8   0x0000008c   Code   RO         4404    i.usart3_init       usart3.o
    0x08005b84   0x08005b84   0x000000a2   Data   RO         3459    .constdata          paj7620u2.o
    0x08005c26   0x08005c26   0x0000001b   Data   RO         3749    .constdata          inv_mpu.o
    0x08005c41   0x08005c41   0x00000001   PAD
    0x08005c42   0x08005c42   0x0000000c   Data   RO         3750    .constdata          inv_mpu.o
    0x08005c4e   0x08005c4e   0x00000002   PAD
    0x08005c50   0x08005c50   0x00000028   Data   RO         3751    .constdata          inv_mpu.o
    0x08005c78   0x08005c78   0x00000bf6   Data   RO         4071    .constdata          inv_mpu_dmp_motion_driver.o
    0x0800686e   0x0800686e   0x00000002   PAD
    0x08006870   0x08006870   0x00000014   Data   RO         4407    .constdata          usart3.o
    0x08006884   0x08006884   0x00000004   PAD
    0x08006888   0x08006888   0x00000050   Data   RO         4449    .constdata          m_ws.l(asin.o)
    0x080068d8   0x080068d8   0x00000098   Data   RO         4783    .constdata          m_ws.l(atan.o)
    0x08006970   0x08006970   0x00000030   Data   RO         4792    .constdata          m_ws.l(cos_i.o)
    0x080069a0   0x080069a0   0x00000008   Data   RO         4812    .constdata          m_ws.l(qnan.o)
    0x080069a8   0x080069a8   0x000000c8   Data   RO         4815    .constdata          m_ws.l(rred.o)
    0x08006a70   0x08006a70   0x00000028   Data   RO         4819    .constdata          m_ws.l(sin_i.o)
    0x08006a98   0x08006a98   0x0000004d   Data   RO         3752    .conststring        inv_mpu.o
    0x08006ae5   0x08006ae5   0x00000003   PAD
    0x08006ae8   0x08006ae8   0x00000020   Data   RO         4884    Region$$Table       anon$$obj.o


    Execution Region ER_RW (Exec base: 0x20000000, Load base: 0x08006b08, Size: 0x00000168, Max: 0xffffffff, ABSOLUTE, COMPRESSED[0x00000034])

    Exec Addr    Load Addr    Size         Type   Attr      Idx    E Section Name        Object

    0x20000000   COMPRESSED   0x00000010   Data   RW            3    .data               main.o
    0x20000010   COMPRESSED   0x00000014   Data   RW          194    .data               system_stm32f10x.o
    0x20000024   COMPRESSED   0x00000004   Data   RW          286    .data               delay.o
    0x20000028   COMPRESSED   0x00000014   Data   RW         1999    .data               stm32f10x_rcc.o
    0x2000003c   COMPRESSED   0x000000a7   Data   RW         3438    .data               laser.o
    0x200000e3   COMPRESSED   0x00000002   Data   RW         3461    .data               paj7620u2.o
    0x200000e5   COMPRESSED   0x00000003   PAD
    0x200000e8   COMPRESSED   0x00000035   Data   RW         3753    .data               inv_mpu.o
    0x2000011d   COMPRESSED   0x00000001   PAD
    0x2000011e   COMPRESSED   0x00000010   Data   RW         4220    .data               encoder.o
    0x2000012e   COMPRESSED   0x00000002   PAD
    0x20000130   COMPRESSED   0x00000024   Data   RW         4277    .data               valuepack.o
    0x20000154   COMPRESSED   0x00000004   Data   RW         4279    .data               valuepack.o
    0x20000158   COMPRESSED   0x00000008   Data   RW         4366    .data               timer.o
    0x20000160   COMPRESSED   0x00000004   Data   RW         4408    .data               usart3.o
    0x20000164   COMPRESSED   0x00000004   Data   RW         4857    .data               mc_w.l(errno.o)


    Execution Region ER_ZI (Exec base: 0x20000168, Load base: 0x08006b3c, Size: 0x00000be8, Max: 0xffffffff, ABSOLUTE)

    Exec Addr    Load Addr    Size         Type   Attr      Idx    E Section Name        Object

    0x20000168        -       0x0000000c   Zero   RW            2    .bss                main.o
    0x20000174        -       0x00000174   Zero   RW         3381    .bss                control.o
    0x200002e8        -       0x0000000a   Zero   RW         3437    .bss                laser.o
    0x200002f2   0x08006b3c   0x00000002   PAD
    0x200002f4        -       0x00000010   Zero   RW         4070    .bss                inv_mpu_dmp_motion_driver.o
    0x20000304        -       0x0000000c   Zero   RW         4219    .bss                encoder.o
    0x20000310        -       0x0000043c   Zero   RW         4274    .bss                valuepack.o
    0x2000074c        -       0x00000200   Zero   RW         4406    .bss                usart3.o
    0x2000094c   0x08006b3c   0x00000004   PAD
    0x20000950        -       0x00000400   Zero   RW          374    STACK               startup_stm32f10x_hd.o


==============================================================================

Image component sizes


      Code (inc. data)   RO Data    RW Data    ZI Data      Debug   Object Name

       778         62          0          0        372       3871   control.o
       164         26          0          4          0     204983   delay.o
       210         26          0         16         12       2163   encoder.o
        92         10          0          0          0        506   gpio.o
      5312        282        156         53          0      30134   inv_mpu.o
      2354        116       3062          0         16      19638   inv_mpu_dmp_motion_driver.o
       204         16          0        167         10       2107   laser.o
       400         44          0         16         12     251668   main.o
       144         16          0          0          0     205345   misc.o
       174         14          0          0          0       1261   motor.o
       224         26          0          0          0       1348   move.o
       538          0          0          0          0       5765   mpu6050.o
       600         66          0          0          0       4958   mpuiic.o
       306         32        162          2          0       4967   paj7620u2.o
       802         54          0          0          0       6277   paj7620u2_iic.o
        36          8        304          0       1024        772   startup_stm32f10x_hd.o
       164          0          0          0          0       3004   stm32f10x_gpio.o
        18          0          0          0          0       3498   stm32f10x_it.o
       196         28          0         20          0       4414   stm32f10x_rcc.o
       776         80          0          0          0      13462   stm32f10x_tim.o
       336          6          0          0          0       6263   stm32f10x_usart.o
         0          0          0          0          0         32   sys.o
       248         24          0         20          0       1645   system_stm32f10x.o
       632         40          0          8          0       3203   timer.o
       196         30         20          4        512       1608   usart3.o
       836         76          0         40       1084       8593   valuepack.o

    ----------------------------------------------------------------------
     15768       1082       3748        356       3048     791485   Object Totals
         0          0         32          0          0          0   (incl. Generated)
        28          0         12          6          6          0   (incl. Padding)

    ----------------------------------------------------------------------

      Code (inc. data)   RO Data    RW Data    ZI Data      Debug   Library Member Name

       624         52         80          0          0        168   asin.o
       544         70        152          0          0        124   atan.o
       384         38          0          0          0        144   atan2.o
       156          8          0          0          0        104   cos.o
       252         22         48          0          0        124   cos_i.o
        38          6          0          0          0        272   dunder.o
        40          0          0          0          0         68   fpclassify.o
       170          0          0          0          0         96   poly.o
         0          0          8          0          0          0   qnan.o
       904         76        200          0          0        140   rred.o
       160         10          0          0          0        108   sin.o
       236         12         40          0          0        128   sin_i.o
        76          0          0          0          0         84   sqrt.o
        86          0          0          0          0          0   __dczerorl2.o
         0          0          0          0          0          0   entry.o
         0          0          0          0          0          0   entry10a.o
         0          0          0          0          0          0   entry11a.o
         8          4          0          0          0          0   entry2.o
         4          0          0          0          0          0   entry5.o
         0          0          0          0          0          0   entry7b.o
         0          0          0          0          0          0   entry8b.o
         8          4          0          0          0          0   entry9a.o
        12          6          0          4          0         68   errno.o
        30          0          0          0          0          0   handlers.o
        36          8          0          0          0         68   init.o
         0          0          0          0          0          0   iusefp.o
        98          0          0          0          0         84   ldiv.o
        30          0          0          0          0         68   llshl.o
        36          0          0          0          0         68   llsshr.o
        32          0          0          0          0         68   llushr.o
        26          0          0          0          0         80   memcmp.o
        36          0          0          0          0        108   memseta.o
      1154         54          0          0          0        352   printf8.o
        98          0          0          0          0         92   uldiv.o
        20          0          0          0          0         68   cfrcmple.o
        56          0          0          0          0         88   d2f.o
       334          0          0          0          0        148   dadd.o
       222          0          0          0          0        100   ddiv.o
       186          0          0          0          0        176   depilogue.o
        62          0          0          0          0         80   dfixi.o
        34          0          0          0          0         76   dflti.o
        26          0          0          0          0         76   dfltui.o
       228          0          0          0          0         96   dmul.o
        46          0          0          0          0         80   dscalb.o
       162          0          0          0          0        100   dsqrt.o
        38          0          0          0          0         68   f2d.o
       176          0          0          0          0        140   fadd.o
       124          0          0          0          0         88   fdiv.o
       110          0          0          0          0        168   fepilogue.o
        50          0          0          0          0         68   ffixi.o
        40          0          0          0          0         68   ffixui.o
        18          0          0          0          0         68   fflti.o
        10          0          0          0          0         68   ffltui.o
       100          0          0          0          0         76   fmul.o
        24          0          0          0          0         68   fscalb.o

    ----------------------------------------------------------------------
      7356        370        528          4          0       4584   Library Totals
        12          0          0          0          0          0   (incl. Padding)

    ----------------------------------------------------------------------

      Code (inc. data)   RO Data    RW Data    ZI Data      Debug   Library Name

      3584        294        528          0          0       1560   m_ws.l
      1694         76          0          4          0       1056   mc_w.l
      2066          0          0          0          0       1968   mf_w.l

    ----------------------------------------------------------------------
      7356        370        528          4          0       4584   Library Totals

    ----------------------------------------------------------------------

==============================================================================


      Code (inc. data)   RO Data    RW Data    ZI Data      Debug   

     23124       1452       4276        360       3048     785589   Grand Totals
     23124       1452       4276         52       3048     785589   ELF Image Totals (compressed)
     23124       1452       4276         52          0          0   ROM Totals

==============================================================================

    Total RO  Size (Code + RO Data)                27400 (  26.76kB)
    Total RW  Size (RW Data + ZI Data)              3408 (   3.33kB)
    Total ROM Size (Code + RO Data + RW Data)      27452 (  26.81kB)

==============================================================================

